<?xml version="1.0" encoding="ISO-8859-1" ?>
<link_info>
   <banner>TI ARM Linker PC v19.6.0.STS</banner>
   <copyright>Copyright (c) 1996-2018 Texas Instruments Incorporated</copyright>
   <link_time>0x5eaa2e1c</link_time>
   <link_errors>0x0</link_errors>
   <output_file>FinalProject.out</output_file>
   <entry_point>
      <name>_c_int00_noargs</name>
      <address>0x14e1d</address>
   </entry_point>
   <input_file_list>
      <input_file id="fl-2">
         <path>.\</path>
         <kind>object</kind>
         <file>startup_msp432p401r_ccs.obj</file>
         <name>startup_msp432p401r_ccs.obj</name>
      </input_file>
      <input_file id="fl-3">
         <path>.\</path>
         <kind>object</kind>
         <file>system_msp432p401r.obj</file>
         <name>system_msp432p401r.obj</name>
      </input_file>
      <input_file id="fl-4">
         <path>.\BoardSupportPackage\src\</path>
         <kind>object</kind>
         <file>AsciiLib.obj</file>
         <name>AsciiLib.obj</name>
      </input_file>
      <input_file id="fl-5">
         <path>.\BoardSupportPackage\src\</path>
         <kind>object</kind>
         <file>BSP.obj</file>
         <name>BSP.obj</name>
      </input_file>
      <input_file id="fl-6">
         <path>.\BoardSupportPackage\src\</path>
         <kind>object</kind>
         <file>BackChannelUart.obj</file>
         <name>BackChannelUart.obj</name>
      </input_file>
      <input_file id="fl-7">
         <path>.\BoardSupportPackage\src\</path>
         <kind>object</kind>
         <file>ClockSys.obj</file>
         <name>ClockSys.obj</name>
      </input_file>
      <input_file id="fl-8">
         <path>.\BoardSupportPackage\src\</path>
         <kind>object</kind>
         <file>Joystick.obj</file>
         <name>Joystick.obj</name>
      </input_file>
      <input_file id="fl-9">
         <path>.\BoardSupportPackage\src\</path>
         <kind>object</kind>
         <file>LCDLib.obj</file>
         <name>LCDLib.obj</name>
      </input_file>
      <input_file id="fl-a">
         <path>.\BoardSupportPackage\src\</path>
         <kind>object</kind>
         <file>RGBLeds.obj</file>
         <name>RGBLeds.obj</name>
      </input_file>
      <input_file id="fl-b">
         <path>.\BoardSupportPackage\src\</path>
         <kind>object</kind>
         <file>bme280.obj</file>
         <name>bme280.obj</name>
      </input_file>
      <input_file id="fl-c">
         <path>.\BoardSupportPackage\src\</path>
         <kind>object</kind>
         <file>bme280_support.obj</file>
         <name>bme280_support.obj</name>
      </input_file>
      <input_file id="fl-d">
         <path>.\BoardSupportPackage\src\</path>
         <kind>object</kind>
         <file>bmi160.obj</file>
         <name>bmi160.obj</name>
      </input_file>
      <input_file id="fl-e">
         <path>.\BoardSupportPackage\src\</path>
         <kind>object</kind>
         <file>bmi160_support.obj</file>
         <name>bmi160_support.obj</name>
      </input_file>
      <input_file id="fl-f">
         <path>.\BoardSupportPackage\src\</path>
         <kind>object</kind>
         <file>demo_sysctl.obj</file>
         <name>demo_sysctl.obj</name>
      </input_file>
      <input_file id="fl-10">
         <path>.\BoardSupportPackage\src\</path>
         <kind>object</kind>
         <file>i2c_driver.obj</file>
         <name>i2c_driver.obj</name>
      </input_file>
      <input_file id="fl-11">
         <path>.\BoardSupportPackage\src\</path>
         <kind>object</kind>
         <file>opt3001.obj</file>
         <name>opt3001.obj</name>
      </input_file>
      <input_file id="fl-12">
         <path>.\BoardSupportPackage\src\</path>
         <kind>object</kind>
         <file>tmp007.obj</file>
         <name>tmp007.obj</name>
      </input_file>
      <input_file id="fl-13">
         <path>.\G8RTOS_Empty_Lab2\</path>
         <kind>object</kind>
         <file>G8RTOS_CriticalSection.obj</file>
         <name>G8RTOS_CriticalSection.obj</name>
      </input_file>
      <input_file id="fl-14">
         <path>.\G8RTOS_Empty_Lab2\</path>
         <kind>object</kind>
         <file>G8RTOS_IPC.obj</file>
         <name>G8RTOS_IPC.obj</name>
      </input_file>
      <input_file id="fl-15">
         <path>.\G8RTOS_Empty_Lab2\</path>
         <kind>object</kind>
         <file>G8RTOS_Scheduler.obj</file>
         <name>G8RTOS_Scheduler.obj</name>
      </input_file>
      <input_file id="fl-16">
         <path>.\G8RTOS_Empty_Lab2\</path>
         <kind>object</kind>
         <file>G8RTOS_SchedulerASM.obj</file>
         <name>G8RTOS_SchedulerASM.obj</name>
      </input_file>
      <input_file id="fl-17">
         <path>.\G8RTOS_Empty_Lab2\</path>
         <kind>object</kind>
         <file>G8RTOS_Semaphores.obj</file>
         <name>G8RTOS_Semaphores.obj</name>
      </input_file>
      <input_file id="fl-18">
         <path>.\rc_src_control\</path>
         <kind>object</kind>
         <file>Threads.obj</file>
         <name>Threads.obj</name>
      </input_file>
      <input_file id="fl-19">
         <path>.\rc_src_control\</path>
         <kind>object</kind>
         <file>main.obj</file>
         <name>main.obj</name>
      </input_file>
      <input_file id="fl-1e">
         <kind>object</kind>
         <file>&lt;internal&gt;</file>
         <name>&lt;internal&gt;</name>
      </input_file>
      <input_file id="fl-1f">
         <path>..\BoardSupportPackage\DriverLib\</path>
         <kind>archive</kind>
         <file>msp432p4xx_driverlib.lib</file>
         <name>cs.o</name>
      </input_file>
      <input_file id="fl-20">
         <path>..\BoardSupportPackage\DriverLib\</path>
         <kind>archive</kind>
         <file>msp432p4xx_driverlib.lib</file>
         <name>flash.o</name>
      </input_file>
      <input_file id="fl-21">
         <path>..\BoardSupportPackage\DriverLib\</path>
         <kind>archive</kind>
         <file>msp432p4xx_driverlib.lib</file>
         <name>gpio.o</name>
      </input_file>
      <input_file id="fl-22">
         <path>..\BoardSupportPackage\DriverLib\</path>
         <kind>archive</kind>
         <file>msp432p4xx_driverlib.lib</file>
         <name>i2c.o</name>
      </input_file>
      <input_file id="fl-23">
         <path>..\BoardSupportPackage\DriverLib\</path>
         <kind>archive</kind>
         <file>msp432p4xx_driverlib.lib</file>
         <name>interrupt.o</name>
      </input_file>
      <input_file id="fl-24">
         <path>..\BoardSupportPackage\DriverLib\</path>
         <kind>archive</kind>
         <file>msp432p4xx_driverlib.lib</file>
         <name>pcm.o</name>
      </input_file>
      <input_file id="fl-25">
         <path>..\BoardSupportPackage\DriverLib\</path>
         <kind>archive</kind>
         <file>msp432p4xx_driverlib.lib</file>
         <name>rtc_c.o</name>
      </input_file>
      <input_file id="fl-26">
         <path>..\BoardSupportPackage\DriverLib\</path>
         <kind>archive</kind>
         <file>msp432p4xx_driverlib.lib</file>
         <name>spi.o</name>
      </input_file>
      <input_file id="fl-27">
         <path>..\BoardSupportPackage\DriverLib\</path>
         <kind>archive</kind>
         <file>msp432p4xx_driverlib.lib</file>
         <name>sysctl.o</name>
      </input_file>
      <input_file id="fl-28">
         <path>..\BoardSupportPackage\DriverLib\</path>
         <kind>archive</kind>
         <file>msp432p4xx_driverlib.lib</file>
         <name>systick.o</name>
      </input_file>
      <input_file id="fl-29">
         <path>..\BoardSupportPackage\DriverLib\</path>
         <kind>archive</kind>
         <file>msp432p4xx_driverlib.lib</file>
         <name>uart.o</name>
      </input_file>
      <input_file id="fl-2a">
         <path>..\BoardSupportPackage\DriverLib\</path>
         <kind>archive</kind>
         <file>msp432p4xx_driverlib.lib</file>
         <name>wdt_a.o</name>
      </input_file>
      <input_file id="fl-2b">
         <path>..\BoardSupportPackage\DriverLib\</path>
         <kind>archive</kind>
         <file>msp432p4xx_driverlib.lib</file>
         <name>cpu.o</name>
      </input_file>
      <input_file id="fl-e1">
         <path>C:\ti\ccsv7\tools\compiler\ti-cgt-arm_19.6.0.STS\lib\</path>
         <kind>archive</kind>
         <file>rtsv7M4_T_le_v4SPD16_eabi.lib</file>
         <name>snprintf.c.obj</name>
      </input_file>
      <input_file id="fl-e2">
         <path>C:\ti\ccsv7\tools\compiler\ti-cgt-arm_19.6.0.STS\lib\</path>
         <kind>archive</kind>
         <file>rtsv7M4_T_le_v4SPD16_eabi.lib</file>
         <name>ll_div_t2.asm.obj</name>
      </input_file>
      <input_file id="fl-e3">
         <path>C:\ti\ccsv7\tools\compiler\ti-cgt-arm_19.6.0.STS\lib\</path>
         <kind>archive</kind>
         <file>rtsv7M4_T_le_v4SPD16_eabi.lib</file>
         <name>ull_div_t2.asm.obj</name>
      </input_file>
      <input_file id="fl-e4">
         <path>C:\ti\ccsv7\tools\compiler\ti-cgt-arm_19.6.0.STS\lib\</path>
         <kind>archive</kind>
         <file>rtsv7M4_T_le_v4SPD16_eabi.lib</file>
         <name>fd_add_t2.asm.obj</name>
      </input_file>
      <input_file id="fl-e5">
         <path>C:\ti\ccsv7\tools\compiler\ti-cgt-arm_19.6.0.STS\lib\</path>
         <kind>archive</kind>
         <file>rtsv7M4_T_le_v4SPD16_eabi.lib</file>
         <name>fd_cmp_t2.asm.obj</name>
      </input_file>
      <input_file id="fl-e6">
         <path>C:\ti\ccsv7\tools\compiler\ti-cgt-arm_19.6.0.STS\lib\</path>
         <kind>archive</kind>
         <file>rtsv7M4_T_le_v4SPD16_eabi.lib</file>
         <name>fd_div_t2.asm.obj</name>
      </input_file>
      <input_file id="fl-e7">
         <path>C:\ti\ccsv7\tools\compiler\ti-cgt-arm_19.6.0.STS\lib\</path>
         <kind>archive</kind>
         <file>rtsv7M4_T_le_v4SPD16_eabi.lib</file>
         <name>fd_mul_t2.asm.obj</name>
      </input_file>
      <input_file id="fl-e8">
         <path>C:\ti\ccsv7\tools\compiler\ti-cgt-arm_19.6.0.STS\lib\</path>
         <kind>archive</kind>
         <file>rtsv7M4_T_le_v4SPD16_eabi.lib</file>
         <name>fd_toi_t2.asm.obj</name>
      </input_file>
      <input_file id="fl-e9">
         <path>C:\ti\ccsv7\tools\compiler\ti-cgt-arm_19.6.0.STS\lib\</path>
         <kind>archive</kind>
         <file>rtsv7M4_T_le_v4SPD16_eabi.lib</file>
         <name>i_tofd_t2.asm.obj</name>
      </input_file>
      <input_file id="fl-ea">
         <path>C:\ti\ccsv7\tools\compiler\ti-cgt-arm_19.6.0.STS\lib\</path>
         <kind>archive</kind>
         <file>rtsv7M4_T_le_v4SPD16_eabi.lib</file>
         <name>ll_mul_t2.asm.obj</name>
      </input_file>
      <input_file id="fl-eb">
         <path>C:\ti\ccsv7\tools\compiler\ti-cgt-arm_19.6.0.STS\lib\</path>
         <kind>archive</kind>
         <file>rtsv7M4_T_le_v4SPD16_eabi.lib</file>
         <name>memcpy_t2.asm.obj</name>
      </input_file>
      <input_file id="fl-ec">
         <path>C:\ti\ccsv7\tools\compiler\ti-cgt-arm_19.6.0.STS\lib\</path>
         <kind>archive</kind>
         <file>rtsv7M4_T_le_v4SPD16_eabi.lib</file>
         <name>memset_t2.asm.obj</name>
      </input_file>
      <input_file id="fl-ed">
         <path>C:\ti\ccsv7\tools\compiler\ti-cgt-arm_19.6.0.STS\lib\</path>
         <kind>archive</kind>
         <file>rtsv7M4_T_le_v4SPD16_eabi.lib</file>
         <name>copy_zero_init.c.obj</name>
      </input_file>
      <input_file id="fl-ee">
         <path>C:\ti\ccsv7\tools\compiler\ti-cgt-arm_19.6.0.STS\lib\</path>
         <kind>archive</kind>
         <file>rtsv7M4_T_le_v4SPD16_eabi.lib</file>
         <name>copy_decompress_none.c.obj</name>
      </input_file>
      <input_file id="fl-ef">
         <path>C:\ti\ccsv7\tools\compiler\ti-cgt-arm_19.6.0.STS\lib\</path>
         <kind>archive</kind>
         <file>rtsv7M4_T_le_v4SPD16_eabi.lib</file>
         <name>copy_decompress_lzss.c.obj</name>
      </input_file>
      <input_file id="fl-f0">
         <path>C:\ti\ccsv7\tools\compiler\ti-cgt-arm_19.6.0.STS\lib\</path>
         <kind>archive</kind>
         <file>rtsv7M4_T_le_v4SPD16_eabi.lib</file>
         <name>boot_cortex_m.c.obj</name>
      </input_file>
      <input_file id="fl-f1">
         <path>C:\ti\ccsv7\tools\compiler\ti-cgt-arm_19.6.0.STS\lib\</path>
         <kind>archive</kind>
         <file>rtsv7M4_T_le_v4SPD16_eabi.lib</file>
         <name>_printfi.c.obj</name>
      </input_file>
      <input_file id="fl-f2">
         <path>C:\ti\ccsv7\tools\compiler\ti-cgt-arm_19.6.0.STS\lib\</path>
         <kind>archive</kind>
         <file>rtsv7M4_T_le_v4SPD16_eabi.lib</file>
         <name>s_frexp.c.obj</name>
      </input_file>
      <input_file id="fl-f3">
         <path>C:\ti\ccsv7\tools\compiler\ti-cgt-arm_19.6.0.STS\lib\</path>
         <kind>archive</kind>
         <file>rtsv7M4_T_le_v4SPD16_eabi.lib</file>
         <name>s_scalbn.c.obj</name>
      </input_file>
      <input_file id="fl-f4">
         <path>C:\ti\ccsv7\tools\compiler\ti-cgt-arm_19.6.0.STS\lib\</path>
         <kind>archive</kind>
         <file>rtsv7M4_T_le_v4SPD16_eabi.lib</file>
         <name>wcslen.c.obj</name>
      </input_file>
      <input_file id="fl-f5">
         <path>C:\ti\ccsv7\tools\compiler\ti-cgt-arm_19.6.0.STS\lib\</path>
         <kind>archive</kind>
         <file>rtsv7M4_T_le_v4SPD16_eabi.lib</file>
         <name>div0.asm.obj</name>
      </input_file>
      <input_file id="fl-f6">
         <path>C:\ti\ccsv7\tools\compiler\ti-cgt-arm_19.6.0.STS\lib\</path>
         <kind>archive</kind>
         <file>rtsv7M4_T_le_v4SPD16_eabi.lib</file>
         <name>autoinit.c.obj</name>
      </input_file>
      <input_file id="fl-f7">
         <path>C:\ti\ccsv7\tools\compiler\ti-cgt-arm_19.6.0.STS\lib\</path>
         <kind>archive</kind>
         <file>rtsv7M4_T_le_v4SPD16_eabi.lib</file>
         <name>pre_init.c.obj</name>
      </input_file>
      <input_file id="fl-f8">
         <path>C:\ti\ccsv7\tools\compiler\ti-cgt-arm_19.6.0.STS\lib\</path>
         <kind>archive</kind>
         <file>rtsv7M4_T_le_v4SPD16_eabi.lib</file>
         <name>cpy_tbl.c.obj</name>
      </input_file>
      <input_file id="fl-f9">
         <path>C:\ti\ccsv7\tools\compiler\ti-cgt-arm_19.6.0.STS\lib\</path>
         <kind>archive</kind>
         <file>rtsv7M4_T_le_v4SPD16_eabi.lib</file>
         <name>exit.c.obj</name>
      </input_file>
      <input_file id="fl-fa">
         <path>C:\ti\ccsv7\tools\compiler\ti-cgt-arm_19.6.0.STS\lib\</path>
         <kind>archive</kind>
         <file>rtsv7M4_T_le_v4SPD16_eabi.lib</file>
         <name>_lock.c.obj</name>
      </input_file>
      <input_file id="fl-fb">
         <path>C:\ti\ccsv7\tools\compiler\ti-cgt-arm_19.6.0.STS\lib\</path>
         <kind>archive</kind>
         <file>rtsv7M4_T_le_v4SPD16_eabi.lib</file>
         <name>_ltoa.c.obj</name>
      </input_file>
      <input_file id="fl-fc">
         <path>C:\ti\ccsv7\tools\compiler\ti-cgt-arm_19.6.0.STS\lib\</path>
         <kind>archive</kind>
         <file>rtsv7M4_T_le_v4SPD16_eabi.lib</file>
         <name>args_main.c.obj</name>
      </input_file>
      <input_file id="fl-fd">
         <path>C:\ti\ccsv7\tools\compiler\ti-cgt-arm_19.6.0.STS\lib\</path>
         <kind>archive</kind>
         <file>rtsv7M4_T_le_v4SPD16_eabi.lib</file>
         <name>atoi.c.obj</name>
      </input_file>
      <input_file id="fl-fe">
         <path>C:\ti\ccsv7\tools\compiler\ti-cgt-arm_19.6.0.STS\lib\</path>
         <kind>archive</kind>
         <file>rtsv7M4_T_le_v4SPD16_eabi.lib</file>
         <name>ctype.c.obj</name>
      </input_file>
      <input_file id="fl-ff">
         <path>C:\ti\ccsv7\tools\compiler\ti-cgt-arm_19.6.0.STS\lib\</path>
         <kind>archive</kind>
         <file>rtsv7M4_T_le_v4SPD16_eabi.lib</file>
         <name>memccpy.c.obj</name>
      </input_file>
      <input_file id="fl-100">
         <path>C:\ti\ccsv7\tools\compiler\ti-cgt-arm_19.6.0.STS\lib\</path>
         <kind>archive</kind>
         <file>rtsv7M4_T_le_v4SPD16_eabi.lib</file>
         <name>strchr.c.obj</name>
      </input_file>
      <input_file id="fl-101">
         <path>C:\ti\ccsv7\tools\compiler\ti-cgt-arm_19.6.0.STS\lib\</path>
         <kind>archive</kind>
         <file>rtsv7M4_T_le_v4SPD16_eabi.lib</file>
         <name>strlen.c.obj</name>
      </input_file>
      <input_file id="fl-102">
         <path>C:\ti\ccsv7\tools\compiler\ti-cgt-arm_19.6.0.STS\lib\</path>
         <kind>archive</kind>
         <file>rtsv7M4_T_le_v4SPD16_eabi.lib</file>
         <name>errno.c.obj</name>
      </input_file>
      <input_file id="fl-103">
         <path>C:\ti\ccsv7\tools\compiler\ti-cgt-arm_19.6.0.STS\lib\</path>
         <kind>archive</kind>
         <file>rtsv7M4_T_le_v4SPD16_eabi.lib</file>
         <name>s_copysign.c.obj</name>
      </input_file>
   </input_file_list>
   <object_component_list>
      <object_component id="oc-26">
         <name>.intvecs:retain</name>
         <load_address>0x0</load_address>
         <run_address>0x0</run_address>
         <size>0xe4</size>
         <input_file_ref idref="fl-2"/>
      </object_component>
      <object_component id="oc-379">
         <name>.text</name>
         <load_address>0xe4</load_address>
         <run_address>0xe4</run_address>
         <size>0xd5e0</size>
         <input_file_ref idref="fl-d"/>
      </object_component>
      <object_component id="oc-39f">
         <name>.text</name>
         <load_address>0xd6c4</load_address>
         <run_address>0xd6c4</run_address>
         <size>0x1810</size>
         <input_file_ref idref="fl-b"/>
      </object_component>
      <object_component id="oc-23e">
         <name>.text</name>
         <load_address>0xeed4</load_address>
         <run_address>0xeed4</run_address>
         <size>0xc28</size>
         <input_file_ref idref="fl-e"/>
      </object_component>
      <object_component id="oc-4fa">
         <name>.text:__TI_printfi</name>
         <load_address>0xfafc</load_address>
         <run_address>0xfafc</run_address>
         <size>0xa4e</size>
         <input_file_ref idref="fl-f1"/>
      </object_component>
      <object_component id="oc-5a5">
         <name>.text</name>
         <load_address>0x1054a</load_address>
         <run_address>0x1054a</run_address>
         <size>0x2</size>
         <input_file_ref idref="fl-f5"/>
      </object_component>
      <object_component id="oc-1a6">
         <name>.text</name>
         <load_address>0x1054c</load_address>
         <run_address>0x1054c</run_address>
         <size>0x930</size>
         <input_file_ref idref="fl-18"/>
      </object_component>
      <object_component id="oc-72">
         <name>.text</name>
         <load_address>0x10e7c</load_address>
         <run_address>0x10e7c</run_address>
         <size>0x6f4</size>
         <input_file_ref idref="fl-15"/>
      </object_component>
      <object_component id="oc-195">
         <name>.text</name>
         <load_address>0x11570</load_address>
         <run_address>0x11570</run_address>
         <size>0x648</size>
         <input_file_ref idref="fl-9"/>
      </object_component>
      <object_component id="oc-78">
         <name>.text</name>
         <load_address>0x11bb8</load_address>
         <run_address>0x11bb8</run_address>
         <size>0x360</size>
         <input_file_ref idref="fl-10"/>
      </object_component>
      <object_component id="oc-b6">
         <name>.text</name>
         <load_address>0x11f18</load_address>
         <run_address>0x11f18</run_address>
         <size>0x334</size>
         <input_file_ref idref="fl-3"/>
      </object_component>
      <object_component id="oc-250">
         <name>.text</name>
         <load_address>0x1224c</load_address>
         <run_address>0x1224c</run_address>
         <size>0x2f8</size>
         <input_file_ref idref="fl-6"/>
      </object_component>
      <object_component id="oc-24a">
         <name>.text</name>
         <load_address>0x12544</load_address>
         <run_address>0x12544</run_address>
         <size>0x2e0</size>
         <input_file_ref idref="fl-c"/>
      </object_component>
      <object_component id="oc-5dd">
         <name>.text:_pconv_a</name>
         <load_address>0x12824</load_address>
         <run_address>0x12824</run_address>
         <size>0x270</size>
         <input_file_ref idref="fl-f1"/>
      </object_component>
      <object_component id="oc-238">
         <name>.text</name>
         <load_address>0x12a94</load_address>
         <run_address>0x12a94</run_address>
         <size>0x234</size>
         <input_file_ref idref="fl-12"/>
      </object_component>
      <object_component id="oc-5cb">
         <name>.text:_pconv_g</name>
         <load_address>0x12cc8</load_address>
         <run_address>0x12cc8</run_address>
         <size>0x1d0</size>
         <input_file_ref idref="fl-f1"/>
      </object_component>
      <object_component id="oc-316">
         <name>.text</name>
         <load_address>0x12e98</load_address>
         <run_address>0x12e98</run_address>
         <size>0x1b6</size>
         <input_file_ref idref="fl-e4"/>
      </object_component>
      <object_component id="oc-244">
         <name>.text</name>
         <load_address>0x13050</load_address>
         <run_address>0x13050</run_address>
         <size>0x178</size>
         <input_file_ref idref="fl-8"/>
      </object_component>
      <object_component id="oc-256">
         <name>.text</name>
         <load_address>0x131c8</load_address>
         <run_address>0x131c8</run_address>
         <size>0x154</size>
         <input_file_ref idref="fl-a"/>
      </object_component>
      <object_component id="oc-5d7">
         <name>.text:_pconv_e</name>
         <load_address>0x1331c</load_address>
         <run_address>0x1331c</run_address>
         <size>0x13c</size>
         <input_file_ref idref="fl-f1"/>
      </object_component>
      <object_component id="oc-311">
         <name>.text</name>
         <load_address>0x13458</load_address>
         <run_address>0x13458</run_address>
         <size>0x136</size>
         <input_file_ref idref="fl-e6"/>
      </object_component>
      <object_component id="oc-634">
         <name>.text:fcvt</name>
         <load_address>0x13590</load_address>
         <run_address>0x13590</run_address>
         <size>0x124</size>
         <input_file_ref idref="fl-f1"/>
      </object_component>
      <object_component id="oc-648">
         <name>.text:scalbn</name>
         <load_address>0x136b4</load_address>
         <run_address>0x136b4</run_address>
         <size>0x110</size>
         <input_file_ref idref="fl-f3"/>
      </object_component>
      <object_component id="oc-3e1">
         <name>.text:CS_getDCOFrequency</name>
         <load_address>0x137c4</load_address>
         <run_address>0x137c4</run_address>
         <size>0x104</size>
         <input_file_ref idref="fl-1f"/>
      </object_component>
      <object_component id="oc-232">
         <name>.text</name>
         <load_address>0x138c8</load_address>
         <run_address>0x138c8</run_address>
         <size>0xfe</size>
         <input_file_ref idref="fl-11"/>
      </object_component>
      <object_component id="oc-31b">
         <name>.text</name>
         <load_address>0x139c6</load_address>
         <run_address>0x139c6</run_address>
         <size>0xfc</size>
         <input_file_ref idref="fl-e7"/>
      </object_component>
      <object_component id="oc-218">
         <name>.text:CS_initClockSignal</name>
         <load_address>0x13ac4</load_address>
         <run_address>0x13ac4</run_address>
         <size>0xe0</size>
         <input_file_ref idref="fl-1f"/>
      </object_component>
      <object_component id="oc-580">
         <name>.text:__PCM_setPowerModeAdvanced</name>
         <load_address>0x13ba4</load_address>
         <run_address>0x13ba4</run_address>
         <size>0xdc</size>
         <input_file_ref idref="fl-24"/>
      </object_component>
      <object_component id="oc-5c5">
         <name>.text:_ltostr</name>
         <load_address>0x13c80</load_address>
         <run_address>0x13c80</run_address>
         <size>0xb1</size>
         <input_file_ref idref="fl-f1"/>
      </object_component>
      <object_component id="oc-356">
         <name>.text:__PCM_setCoreVoltageLevelAdvanced</name>
         <load_address>0x13d34</load_address>
         <run_address>0x13d34</run_address>
         <size>0xb0</size>
         <input_file_ref idref="fl-24"/>
      </object_component>
      <object_component id="oc-2d8">
         <name>.text:PutChar</name>
         <load_address>0x13de4</load_address>
         <run_address>0x13de4</run_address>
         <size>0xa4</size>
         <input_file_ref idref="fl-9"/>
      </object_component>
      <object_component id="oc-364">
         <name>.text:CS_startHFXTWithTimeout</name>
         <load_address>0x13e88</load_address>
         <run_address>0x13e88</run_address>
         <size>0x9c</size>
         <input_file_ref idref="fl-1f"/>
      </object_component>
      <object_component id="oc-26c">
         <name>.text:_CSComputeCLKFrequency</name>
         <load_address>0x13f24</load_address>
         <run_address>0x13f24</run_address>
         <size>0x9c</size>
         <input_file_ref idref="fl-1f"/>
      </object_component>
      <object_component id="oc-37">
         <name>.text</name>
         <load_address>0x13fc0</load_address>
         <run_address>0x13fc0</run_address>
         <size>0x9c</size>
         <input_file_ref idref="fl-eb"/>
      </object_component>
      <object_component id="oc-19b">
         <name>.text</name>
         <load_address>0x1405c</load_address>
         <run_address>0x1405c</run_address>
         <size>0x98</size>
         <input_file_ref idref="fl-17"/>
      </object_component>
      <object_component id="oc-5aa">
         <name>.text</name>
         <load_address>0x140f4</load_address>
         <run_address>0x140f4</run_address>
         <size>0x96</size>
         <input_file_ref idref="fl-e3"/>
      </object_component>
      <object_component id="oc-3b8">
         <name>.text:UART_initModule</name>
         <load_address>0x1418c</load_address>
         <run_address>0x1418c</run_address>
         <size>0x94</size>
         <input_file_ref idref="fl-29"/>
      </object_component>
      <object_component id="oc-2a3">
         <name>.text:SPI_initMaster</name>
         <load_address>0x14220</load_address>
         <run_address>0x14220</run_address>
         <size>0x88</size>
         <input_file_ref idref="fl-26"/>
      </object_component>
      <object_component id="oc-325">
         <name>.text:__aeabi_cdcmple</name>
         <load_address>0x142a8</load_address>
         <run_address>0x142a8</run_address>
         <size>0x86</size>
         <input_file_ref idref="fl-e5"/>
      </object_component>
      <object_component id="oc-61c">
         <name>.text:__aeabi_cdrcmple</name>
         <load_address>0x1432e</load_address>
         <run_address>0x1432e</run_address>
         <size>0x86</size>
         <input_file_ref idref="fl-e5"/>
      </object_component>
      <object_component id="oc-c1">
         <name>.text</name>
         <load_address>0x143b4</load_address>
         <run_address>0x143b4</run_address>
         <size>0x84</size>
         <input_file_ref idref="fl-7"/>
      </object_component>
      <object_component id="oc-98">
         <name>.text</name>
         <load_address>0x14438</load_address>
         <run_address>0x14438</run_address>
         <size>0x7a</size>
         <input_file_ref idref="fl-ec"/>
      </object_component>
      <object_component id="oc-49f">
         <name>.text:_CSGetHFXTFrequency</name>
         <load_address>0x144b4</load_address>
         <run_address>0x144b4</run_address>
         <size>0x70</size>
         <input_file_ref idref="fl-1f"/>
      </object_component>
      <object_component id="oc-62d">
         <name>.text:_mcpy</name>
         <load_address>0x14524</load_address>
         <run_address>0x14524</run_address>
         <size>0x6e</size>
         <input_file_ref idref="fl-f1"/>
      </object_component>
      <object_component id="oc-4ea">
         <name>.text</name>
         <load_address>0x14592</load_address>
         <run_address>0x14592</run_address>
         <size>0x6e</size>
         <input_file_ref idref="fl-e2"/>
      </object_component>
      <object_component id="oc-17">
         <name>.text:decompress:lzss:__TI_decompress_lzss</name>
         <load_address>0x14600</load_address>
         <run_address>0x14600</run_address>
         <size>0x68</size>
         <input_file_ref idref="fl-ef"/>
      </object_component>
      <object_component id="oc-13c">
         <name>.text:Interrupt_disableInterrupt</name>
         <load_address>0x14668</load_address>
         <run_address>0x14668</run_address>
         <size>0x64</size>
         <input_file_ref idref="fl-23"/>
      </object_component>
      <object_component id="oc-130">
         <name>.text:Interrupt_enableInterrupt</name>
         <load_address>0x146cc</load_address>
         <run_address>0x146cc</run_address>
         <size>0x64</size>
         <input_file_ref idref="fl-23"/>
      </object_component>
      <object_component id="oc-642">
         <name>.text:frexp</name>
         <load_address>0x14730</load_address>
         <run_address>0x14730</run_address>
         <size>0x64</size>
         <input_file_ref idref="fl-f2"/>
      </object_component>
      <object_component id="oc-2e2">
         <name>.text:LCD_newReadData</name>
         <load_address>0x14794</load_address>
         <run_address>0x14794</run_address>
         <size>0x60</size>
         <input_file_ref idref="fl-9"/>
      </object_component>
      <object_component id="oc-a4">
         <name>.text</name>
         <load_address>0x147f4</load_address>
         <run_address>0x147f4</run_address>
         <size>0x60</size>
         <input_file_ref idref="fl-19"/>
      </object_component>
      <object_component id="oc-6d">
         <name>.text</name>
         <load_address>0x14854</load_address>
         <run_address>0x14854</run_address>
         <size>0x58</size>
         <input_file_ref idref="fl-16"/>
      </object_component>
      <object_component id="oc-5d1">
         <name>.text:_pconv_f</name>
         <load_address>0x148ac</load_address>
         <run_address>0x148ac</run_address>
         <size>0x56</size>
         <input_file_ref idref="fl-f1"/>
      </object_component>
      <object_component id="oc-621">
         <name>.text:__TI_ltoa</name>
         <load_address>0x14902</load_address>
         <run_address>0x14902</run_address>
         <size>0x54</size>
         <input_file_ref idref="fl-fb"/>
      </object_component>
      <object_component id="oc-627">
         <name>.text:_ecpy</name>
         <load_address>0x14956</load_address>
         <run_address>0x14956</run_address>
         <size>0x52</size>
         <input_file_ref idref="fl-f1"/>
      </object_component>
      <object_component id="oc-53b">
         <name>.text:SysCtl_getTLVInfo</name>
         <load_address>0x149a8</load_address>
         <run_address>0x149a8</run_address>
         <size>0x50</size>
         <input_file_ref idref="fl-27"/>
      </object_component>
      <object_component id="oc-100">
         <name>.text:GPIO_setAsPeripheralModuleFunctionOutputPin</name>
         <load_address>0x149f8</load_address>
         <run_address>0x149f8</run_address>
         <size>0x4c</size>
         <input_file_ref idref="fl-21"/>
      </object_component>
      <object_component id="oc-535">
         <name>.text:_CSGetDOCFrequency</name>
         <load_address>0x14a44</load_address>
         <run_address>0x14a44</run_address>
         <size>0x4c</size>
         <input_file_ref idref="fl-1f"/>
      </object_component>
      <object_component id="oc-5bf">
         <name>.text:atoi</name>
         <load_address>0x14a90</load_address>
         <run_address>0x14a90</run_address>
         <size>0x4c</size>
         <input_file_ref idref="fl-fd"/>
      </object_component>
      <object_component id="oc-3c4">
         <name>.text:snprintf</name>
         <load_address>0x14adc</load_address>
         <run_address>0x14adc</run_address>
         <size>0x4c</size>
         <input_file_ref idref="fl-e1"/>
      </object_component>
      <object_component id="oc-3b2">
         <name>.text:GPIO_setAsPeripheralModuleFunctionInputPin</name>
         <load_address>0x14b28</load_address>
         <run_address>0x14b28</run_address>
         <size>0x48</size>
         <input_file_ref idref="fl-21"/>
      </object_component>
      <object_component id="oc-3db">
         <name>.text:_CSGetDividerValue</name>
         <load_address>0x14b70</load_address>
         <run_address>0x14b70</run_address>
         <size>0x48</size>
         <input_file_ref idref="fl-1f"/>
      </object_component>
      <object_component id="oc-320">
         <name>.text</name>
         <load_address>0x14bb8</load_address>
         <run_address>0x14bb8</run_address>
         <size>0x48</size>
         <input_file_ref idref="fl-e8"/>
      </object_component>
      <object_component id="oc-42b">
         <name>.text</name>
         <load_address>0x14c00</load_address>
         <run_address>0x14c00</run_address>
         <size>0x44</size>
         <input_file_ref idref="fl-4"/>
      </object_component>
      <object_component id="oc-1b9">
         <name>.text:__TI_auto_init_nobinit_nopinit:__TI_auto_init_nobinit_nopinit</name>
         <load_address>0x14c44</load_address>
         <run_address>0x14c44</run_address>
         <size>0x44</size>
         <input_file_ref idref="fl-f6"/>
      </object_component>
      <object_component id="oc-424">
         <name>.text:LCD_WriteData</name>
         <load_address>0x14c88</load_address>
         <run_address>0x14c88</run_address>
         <size>0x40</size>
         <input_file_ref idref="fl-9"/>
      </object_component>
      <object_component id="oc-112">
         <name>.text:I2C_initMaster</name>
         <load_address>0x14cc8</load_address>
         <run_address>0x14cc8</run_address>
         <size>0x3e</size>
         <input_file_ref idref="fl-22"/>
      </object_component>
      <object_component id="oc-63a">
         <name>.text:_fcpy</name>
         <load_address>0x14d06</load_address>
         <run_address>0x14d06</run_address>
         <size>0x3e</size>
         <input_file_ref idref="fl-f1"/>
      </object_component>
      <object_component id="oc-12a">
         <name>.text:I2C_masterSendMultiByteStart</name>
         <load_address>0x14d44</load_address>
         <run_address>0x14d44</run_address>
         <size>0x38</size>
         <input_file_ref idref="fl-22"/>
      </object_component>
      <object_component id="oc-2e9">
         <name>.text:SPISendRecvByte</name>
         <load_address>0x14d7c</load_address>
         <run_address>0x14d7c</run_address>
         <size>0x38</size>
         <input_file_ref idref="fl-9"/>
      </object_component>
      <object_component id="oc-cd">
         <name>.text</name>
         <load_address>0x14db4</load_address>
         <run_address>0x14db4</run_address>
         <size>0x34</size>
         <input_file_ref idref="fl-5"/>
      </object_component>
      <object_component id="oc-2c3">
         <name>.text:LCD_WriteIndex</name>
         <load_address>0x14de8</load_address>
         <run_address>0x14de8</run_address>
         <size>0x34</size>
         <input_file_ref idref="fl-9"/>
      </object_component>
      <object_component id="oc-55">
         <name>.text:_c_int00_noargs:_c_int00_noargs</name>
         <load_address>0x14e1c</load_address>
         <run_address>0x14e1c</run_address>
         <size>0x34</size>
         <input_file_ref idref="fl-f0"/>
      </object_component>
      <object_component id="oc-15a">
         <name>.text:I2C_masterSendMultiByteStop</name>
         <load_address>0x14e50</load_address>
         <run_address>0x14e50</run_address>
         <size>0x30</size>
         <input_file_ref idref="fl-22"/>
      </object_component>
      <object_component id="oc-500">
         <name>.text:_outs</name>
         <load_address>0x14e80</load_address>
         <run_address>0x14e80</run_address>
         <size>0x30</size>
         <input_file_ref idref="fl-e1"/>
      </object_component>
      <object_component id="oc-402">
         <name>.text:is_A_Module</name>
         <load_address>0x14eb0</load_address>
         <run_address>0x14eb0</run_address>
         <size>0x30</size>
         <input_file_ref idref="fl-26"/>
      </object_component>
      <object_component id="oc-30c">
         <name>.text</name>
         <load_address>0x14ee0</load_address>
         <run_address>0x14ee0</run_address>
         <size>0x2e</size>
         <input_file_ref idref="fl-e9"/>
      </object_component>
      <object_component id="oc-476">
         <name>.text:PCM_getCoreVoltageLevel</name>
         <load_address>0x14f0e</load_address>
         <run_address>0x14f0e</run_address>
         <size>0x2c</size>
         <input_file_ref idref="fl-24"/>
      </object_component>
      <object_component id="oc-470">
         <name>.text:PCM_getPowerMode</name>
         <load_address>0x14f3a</load_address>
         <run_address>0x14f3a</run_address>
         <size>0x2a</size>
         <input_file_ref idref="fl-24"/>
      </object_component>
      <object_component id="oc-20c">
         <name>.text:FlashCtl_setWaitState</name>
         <load_address>0x14f64</load_address>
         <run_address>0x14f64</run_address>
         <size>0x28</size>
         <input_file_ref idref="fl-20"/>
      </object_component>
      <object_component id="oc-384">
         <name>.text</name>
         <load_address>0x14f8c</load_address>
         <run_address>0x14f8c</run_address>
         <size>0x26</size>
         <input_file_ref idref="fl-f"/>
      </object_component>
      <object_component id="oc-3e7">
         <name>.text:CS_clearInterruptFlag</name>
         <load_address>0x14fb4</load_address>
         <run_address>0x14fb4</run_address>
         <size>0x24</size>
         <input_file_ref idref="fl-1f"/>
      </object_component>
      <object_component id="oc-166">
         <name>.text:I2C_masterSendMultiByteNext</name>
         <load_address>0x14fd8</load_address>
         <run_address>0x14fd8</run_address>
         <size>0x24</size>
         <input_file_ref idref="fl-22"/>
      </object_component>
      <object_component id="oc-395">
         <name>.text:Interrupt_setPriority</name>
         <load_address>0x14ffc</load_address>
         <run_address>0x14ffc</run_address>
         <size>0x24</size>
         <input_file_ref idref="fl-23"/>
      </object_component>
      <object_component id="oc-3ac">
         <name>.text:UART_transmitData</name>
         <load_address>0x15020</load_address>
         <run_address>0x15020</run_address>
         <size>0x24</size>
         <input_file_ref idref="fl-29"/>
      </object_component>
      <object_component id="oc-2bc">
         <name>.text:LCD_SetCursor</name>
         <load_address>0x15044</load_address>
         <run_address>0x15044</run_address>
         <size>0x20</size>
         <input_file_ref idref="fl-9"/>
      </object_component>
      <object_component id="oc-2d1">
         <name>.text:LCD_Write_Data_Only</name>
         <load_address>0x15064</load_address>
         <run_address>0x15064</run_address>
         <size>0x20</size>
         <input_file_ref idref="fl-9"/>
      </object_component>
      <object_component id="oc-2af">
         <name>.text:SPI_enableInterrupt</name>
         <load_address>0x15084</load_address>
         <run_address>0x15084</run_address>
         <size>0x20</size>
         <input_file_ref idref="fl-26"/>
      </object_component>
      <object_component id="oc-433">
         <name>.text:SPI_transmitData</name>
         <load_address>0x150a4</load_address>
         <run_address>0x150a4</run_address>
         <size>0x20</size>
         <input_file_ref idref="fl-26"/>
      </object_component>
      <object_component id="oc-2b5">
         <name>.text:LCD_WriteReg</name>
         <load_address>0x150c4</load_address>
         <run_address>0x150c4</run_address>
         <size>0x1c</size>
         <input_file_ref idref="fl-9"/>
      </object_component>
      <object_component id="oc-5e3">
         <name>.text:memccpy</name>
         <load_address>0x150e0</load_address>
         <run_address>0x150e0</run_address>
         <size>0x1c</size>
         <input_file_ref idref="fl-ff"/>
      </object_component>
      <object_component id="oc-2a9">
         <name>.text:SPI_enableModule</name>
         <load_address>0x150fc</load_address>
         <run_address>0x150fc</run_address>
         <size>0x1a</size>
         <input_file_ref idref="fl-26"/>
      </object_component>
      <object_component id="oc-439">
         <name>.text:SPI_receiveData</name>
         <load_address>0x15116</load_address>
         <run_address>0x15116</run_address>
         <size>0x1a</size>
         <input_file_ref idref="fl-26"/>
      </object_component>
      <object_component id="oc-684">
         <name>.text:copysign</name>
         <load_address>0x15130</load_address>
         <run_address>0x15130</run_address>
         <size>0x1a</size>
         <input_file_ref idref="fl-103"/>
      </object_component>
      <object_component id="oc-21e">
         <name>.text:CS_getMCLK</name>
         <load_address>0x1514c</load_address>
         <run_address>0x1514c</run_address>
         <size>0x18</size>
         <input_file_ref idref="fl-1f"/>
      </object_component>
      <object_component id="oc-fa">
         <name>.text:CS_getSMCLK</name>
         <load_address>0x15164</load_address>
         <run_address>0x15164</run_address>
         <size>0x18</size>
         <input_file_ref idref="fl-1f"/>
      </object_component>
      <object_component id="oc-226">
         <name>.text:WDT_A_clearTimer</name>
         <load_address>0x1517c</load_address>
         <run_address>0x1517c</run_address>
         <size>0x18</size>
         <input_file_ref idref="fl-2a"/>
      </object_component>
      <object_component id="oc-22c">
         <name>.text:WDT_A_holdTimer</name>
         <load_address>0x15194</load_address>
         <run_address>0x15194</run_address>
         <size>0x18</size>
         <input_file_ref idref="fl-2a"/>
      </object_component>
      <object_component id="oc-506">
         <name>.text:_outc</name>
         <load_address>0x151ac</load_address>
         <run_address>0x151ac</run_address>
         <size>0x18</size>
         <input_file_ref idref="fl-e1"/>
      </object_component>
      <object_component id="oc-4e5">
         <name>.text</name>
         <load_address>0x151c4</load_address>
         <run_address>0x151c4</run_address>
         <size>0x18</size>
         <input_file_ref idref="fl-ea"/>
      </object_component>
      <object_component id="oc-64e">
         <name>.text:strchr</name>
         <load_address>0x151dc</load_address>
         <run_address>0x151dc</run_address>
         <size>0x16</size>
         <input_file_ref idref="fl-100"/>
      </object_component>
      <object_component id="oc-206">
         <name>.text:CS_setExternalClockSourceFrequency</name>
         <load_address>0x151f4</load_address>
         <run_address>0x151f4</run_address>
         <size>0x14</size>
         <input_file_ref idref="fl-1f"/>
      </object_component>
      <object_component id="oc-106">
         <name>.text:I2C_isBusBusy</name>
         <load_address>0x15208</load_address>
         <run_address>0x15208</run_address>
         <size>0x14</size>
         <input_file_ref idref="fl-22"/>
      </object_component>
      <object_component id="oc-c7">
         <name>.text:SysTick_enableInterrupt</name>
         <load_address>0x1521c</load_address>
         <run_address>0x1521c</run_address>
         <size>0x14</size>
         <input_file_ref idref="fl-28"/>
      </object_component>
      <object_component id="oc-5b9">
         <name>.text:strlen</name>
         <load_address>0x15230</load_address>
         <run_address>0x15230</run_address>
         <size>0x14</size>
         <input_file_ref idref="fl-101"/>
      </object_component>
      <object_component id="oc-5e9">
         <name>.text:wcslen</name>
         <load_address>0x15244</load_address>
         <run_address>0x15244</run_address>
         <size>0x12</size>
         <input_file_ref idref="fl-f4"/>
      </object_component>
      <object_component id="oc-148">
         <name>.text:I2C_masterReceiveStart</name>
         <load_address>0x15256</load_address>
         <run_address>0x15256</run_address>
         <size>0x10</size>
         <input_file_ref idref="fl-22"/>
      </object_component>
      <object_component id="oc-499">
         <name>.text:SysCtl_disableNMISource</name>
         <load_address>0x15268</load_address>
         <run_address>0x15268</run_address>
         <size>0x10</size>
         <input_file_ref idref="fl-27"/>
      </object_component>
      <object_component id="oc-4a5">
         <name>.text:SysCtl_enableNMISource</name>
         <load_address>0x15278</load_address>
         <run_address>0x15278</run_address>
         <size>0x10</size>
         <input_file_ref idref="fl-27"/>
      </object_component>
      <object_component id="oc-da">
         <name>.text</name>
         <load_address>0x15288</load_address>
         <run_address>0x15288</run_address>
         <size>0xe</size>
         <input_file_ref idref="fl-13"/>
      </object_component>
      <object_component id="oc-154">
         <name>.text:I2C_clearInterruptFlag</name>
         <load_address>0x15296</load_address>
         <run_address>0x15296</run_address>
         <size>0xe</size>
         <input_file_ref idref="fl-22"/>
      </object_component>
      <object_component id="oc-136">
         <name>.text:I2C_disableInterrupt</name>
         <load_address>0x152a4</load_address>
         <run_address>0x152a4</run_address>
         <size>0xe</size>
         <input_file_ref idref="fl-22"/>
      </object_component>
      <object_component id="oc-1d">
         <name>.text:decompress:none:__TI_decompress_none</name>
         <load_address>0x152b2</load_address>
         <run_address>0x152b2</run_address>
         <size>0xe</size>
         <input_file_ref idref="fl-ee"/>
      </object_component>
      <object_component id="oc-67">
         <name>.text</name>
         <load_address>0x152c0</load_address>
         <run_address>0x152c0</run_address>
         <size>0xe</size>
         <input_file_ref idref="fl-2"/>
      </object_component>
      <object_component id="oc-410">
         <name>.text:EUSCI_A_SPI_enable</name>
         <load_address>0x152ce</load_address>
         <run_address>0x152ce</run_address>
         <size>0xc</size>
         <input_file_ref idref="fl-26"/>
      </object_component>
      <object_component id="oc-40a">
         <name>.text:EUSCI_B_SPI_enable</name>
         <load_address>0x152da</load_address>
         <run_address>0x152da</run_address>
         <size>0xc</size>
         <input_file_ref idref="fl-26"/>
      </object_component>
      <object_component id="oc-10c">
         <name>.text:I2C_disableModule</name>
         <load_address>0x152e6</load_address>
         <run_address>0x152e6</run_address>
         <size>0xc</size>
         <input_file_ref idref="fl-22"/>
      </object_component>
      <object_component id="oc-11e">
         <name>.text:I2C_enableModule</name>
         <load_address>0x152f2</load_address>
         <run_address>0x152f2</run_address>
         <size>0xc</size>
         <input_file_ref idref="fl-22"/>
      </object_component>
      <object_component id="oc-47c">
         <name>.text:PCM_getPowerState</name>
         <load_address>0x15300</load_address>
         <run_address>0x15300</run_address>
         <size>0xc</size>
         <input_file_ref idref="fl-24"/>
      </object_component>
      <object_component id="oc-493">
         <name>.text:SysCtl_getNMISourceStatus</name>
         <load_address>0x1530c</load_address>
         <run_address>0x1530c</run_address>
         <size>0xc</size>
         <input_file_ref idref="fl-27"/>
      </object_component>
      <object_component id="oc-3be">
         <name>.text:UART_enableModule</name>
         <load_address>0x15318</load_address>
         <run_address>0x15318</run_address>
         <size>0xc</size>
         <input_file_ref idref="fl-29"/>
      </object_component>
      <object_component id="oc-49">
         <name>.text:decompress:ZI:__TI_zero_init</name>
         <load_address>0x15324</load_address>
         <run_address>0x15324</run_address>
         <size>0xc</size>
         <input_file_ref idref="fl-ed"/>
      </object_component>
      <object_component id="oc-2ca">
         <name>.text:LCD_Write_Data_Start</name>
         <load_address>0x15330</load_address>
         <run_address>0x15330</run_address>
         <size>0xa</size>
         <input_file_ref idref="fl-9"/>
      </object_component>
      <object_component id="oc-41d">
         <name>.text:EUSCI_A_SPI_enableInterrupt</name>
         <load_address>0x1533a</load_address>
         <run_address>0x1533a</run_address>
         <size>0x8</size>
         <input_file_ref idref="fl-26"/>
      </object_component>
      <object_component id="oc-417">
         <name>.text:EUSCI_B_SPI_enableInterrupt</name>
         <load_address>0x15342</load_address>
         <run_address>0x15342</run_address>
         <size>0x8</size>
         <input_file_ref idref="fl-26"/>
      </object_component>
      <object_component id="oc-124">
         <name>.text:I2C_enableInterrupt</name>
         <load_address>0x1534a</load_address>
         <run_address>0x1534a</run_address>
         <size>0x8</size>
         <input_file_ref idref="fl-22"/>
      </object_component>
      <object_component id="oc-200">
         <name>.text:PCM_setCoreVoltageLevel</name>
         <load_address>0x15352</load_address>
         <run_address>0x15352</run_address>
         <size>0x8</size>
         <input_file_ref idref="fl-24"/>
      </object_component>
      <object_component id="oc-482">
         <name>.text:PCM_setPowerMode</name>
         <load_address>0x1535a</load_address>
         <run_address>0x1535a</run_address>
         <size>0x8</size>
         <input_file_ref idref="fl-24"/>
      </object_component>
      <object_component id="oc-5ef">
         <name>.text:__aeabi_errno_addr</name>
         <load_address>0x15364</load_address>
         <run_address>0x15364</run_address>
         <size>0x8</size>
         <input_file_ref idref="fl-102"/>
      </object_component>
      <object_component id="oc-212">
         <name>.text:CS_startHFXT</name>
         <load_address>0x1536c</load_address>
         <run_address>0x1536c</run_address>
         <size>0x6</size>
         <input_file_ref idref="fl-1f"/>
      </object_component>
      <object_component id="oc-561">
         <name>.text:EUSCI_A_SPI_receiveData</name>
         <load_address>0x15372</load_address>
         <run_address>0x15372</run_address>
         <size>0x6</size>
         <input_file_ref idref="fl-26"/>
      </object_component>
      <object_component id="oc-567">
         <name>.text:EUSCI_B_SPI_receiveData</name>
         <load_address>0x15378</load_address>
         <run_address>0x15378</run_address>
         <size>0x6</size>
         <input_file_ref idref="fl-26"/>
      </object_component>
      <object_component id="oc-14e">
         <name>.text:I2C_getEnabledInterruptStatus</name>
         <load_address>0x1537e</load_address>
         <run_address>0x1537e</run_address>
         <size>0x6</size>
         <input_file_ref idref="fl-22"/>
      </object_component>
      <object_component id="oc-142">
         <name>.text:I2C_getInterruptStatus</name>
         <load_address>0x15384</load_address>
         <run_address>0x15384</run_address>
         <size>0x6</size>
         <input_file_ref idref="fl-22"/>
      </object_component>
      <object_component id="oc-160">
         <name>.text:I2C_masterReceiveMultiByteNext</name>
         <load_address>0x1538a</load_address>
         <run_address>0x1538a</run_address>
         <size>0x6</size>
         <input_file_ref idref="fl-22"/>
      </object_component>
      <object_component id="oc-4da">
         <name>.text:SysCtlDelay</name>
         <load_address>0x15390</load_address>
         <run_address>0x15390</run_address>
         <size>0x6</size>
         <input_file_ref idref="fl-f"/>
      </object_component>
      <object_component id="oc-55a">
         <name>.text:EUSCI_A_SPI_transmitData</name>
         <load_address>0x15396</load_address>
         <run_address>0x15396</run_address>
         <size>0x4</size>
         <input_file_ref idref="fl-26"/>
      </object_component>
      <object_component id="oc-554">
         <name>.text:EUSCI_B_SPI_transmitData</name>
         <load_address>0x1539a</load_address>
         <run_address>0x1539a</run_address>
         <size>0x4</size>
         <input_file_ref idref="fl-26"/>
      </object_component>
      <object_component id="oc-118">
         <name>.text:I2C_setSlaveAddress</name>
         <load_address>0x1539e</load_address>
         <run_address>0x1539e</run_address>
         <size>0x4</size>
         <input_file_ref idref="fl-22"/>
      </object_component>
      <object_component id="oc-9e">
         <name>.text:_system_pre_init</name>
         <load_address>0x153a2</load_address>
         <run_address>0x153a2</run_address>
         <size>0x4</size>
         <input_file_ref idref="fl-f7"/>
      </object_component>
      <object_component id="oc-1ad">
         <name>.text:abort:abort</name>
         <load_address>0x153a6</load_address>
         <run_address>0x153a6</run_address>
         <size>0x4</size>
         <input_file_ref idref="fl-f9"/>
      </object_component>
      <object_component id="oc-54f">
         <name>.const:AsciiLib</name>
         <load_address>0x153ac</load_address>
         <run_address>0x153ac</run_address>
         <size>0x5f0</size>
         <input_file_ref idref="fl-4"/>
      </object_component>
      <object_component id="oc-616">
         <name>.const:.string:_ctypes_</name>
         <load_address>0x1599c</load_address>
         <run_address>0x1599c</run_address>
         <size>0x101</size>
         <input_file_ref idref="fl-fe"/>
      </object_component>
      <object_component id="oc-4cb">
         <name>.const:.string:INVALID_OFFSET</name>
         <load_address>0x15a9d</load_address>
         <run_address>0x15a9d</run_address>
         <size>0x3</size>
         <input_file_ref idref="fl-d"/>
      </object_component>
      <object_component id="oc-4dc">
         <name>.const:g_pulRegs</name>
         <load_address>0x15aa0</load_address>
         <run_address>0x15aa0</run_address>
         <size>0x50</size>
         <input_file_ref idref="fl-23"/>
      </object_component>
      <object_component id="oc-285">
         <name>.const</name>
         <load_address>0x15af0</load_address>
         <run_address>0x15af0</run_address>
         <size>0x40</size>
         <input_file_ref idref="fl-23"/>
      </object_component>
      <object_component id="oc-3ca">
         <name>.const:backChannelUart115200Config</name>
         <load_address>0x15b30</load_address>
         <run_address>0x15b30</run_address>
         <size>0x24</size>
         <input_file_ref idref="fl-6"/>
      </object_component>
      <object_component id="oc-2df">
         <name>.const:$P$T0$1</name>
         <load_address>0x15b54</load_address>
         <run_address>0x15b54</run_address>
         <size>0x1c</size>
         <input_file_ref idref="fl-9"/>
      </object_component>
      <object_component id="oc-4ce">
         <name>.const:yas532_version_ac_coef</name>
         <load_address>0x15b70</load_address>
         <run_address>0x15b70</run_address>
         <size>0xc</size>
         <input_file_ref idref="fl-d"/>
      </object_component>
      <object_component id="oc-4d2">
         <name>.const:v_calib_data$2</name>
         <load_address>0x15b7c</load_address>
         <run_address>0x15b7c</run_address>
         <size>0x8</size>
         <input_file_ref idref="fl-d"/>
      </object_component>
      <object_component id="oc-3a8">
         <name>.const:.string:$P$T0$1</name>
         <load_address>0x15b84</load_address>
         <run_address>0x15b84</run_address>
         <size>0x5</size>
         <input_file_ref idref="fl-c"/>
      </object_component>
      <object_component id="oc-4d1">
         <name>.const:.string:v_correct_u8$1</name>
         <load_address>0x15b89</load_address>
         <run_address>0x15b89</run_address>
         <size>0x5</size>
         <input_file_ref idref="fl-d"/>
      </object_component>
      <object_component id="oc-6e1">
         <name>.cinit..data.load</name>
         <load_address>0x15b90</load_address>
         <run_address>0x15b90</run_address>
         <size>0x82</size>
      </object_component>
      <object_component id="oc-6df">
         <name>__TI_handler_table</name>
         <load_address>0x15c14</load_address>
         <run_address>0x15c14</run_address>
         <size>0xc</size>
      </object_component>
      <object_component id="oc-6e2">
         <name>.cinit..bss.load</name>
         <load_address>0x15c20</load_address>
         <run_address>0x15c20</run_address>
         <size>0x8</size>
      </object_component>
      <object_component id="oc-6e0">
         <name>__TI_cinit_table</name>
         <load_address>0x15c28</load_address>
         <run_address>0x15c28</run_address>
         <size>0x10</size>
      </object_component>
      <object_component id="oc-6b3">
         <name>.binit</name>
         <load_address>0x0</load_address>
         <run_address>0x0</run_address>
         <size>0x0</size>
      </object_component>
      <object_component id="oc-1eb">
         <name>.data</name>
         <load_address>0x2000e568</load_address>
         <run_address>0x2000e568</run_address>
         <size>0x4</size>
         <input_file_ref idref="fl-3"/>
      </object_component>
      <object_component id="oc-4bf">
         <name>.data</name>
         <load_address>0x2000e55c</load_address>
         <run_address>0x2000e55c</run_address>
         <size>0x8</size>
         <input_file_ref idref="fl-d"/>
      </object_component>
      <object_component id="oc-4b7">
         <name>.data:v_fifo_data_u8</name>
         <load_address>0x2000e0e8</load_address>
         <run_address>0x2000e0e8</run_address>
         <size>0x400</size>
         <input_file_ref idref="fl-d"/>
      </object_component>
      <object_component id="oc-174">
         <name>.data</name>
         <load_address>0x2000e56c</load_address>
         <run_address>0x2000e56c</run_address>
         <size>0x1</size>
         <input_file_ref idref="fl-10"/>
      </object_component>
      <object_component id="oc-16c">
         <name>.data:i2cConfig</name>
         <load_address>0x2000e548</load_address>
         <run_address>0x2000e548</run_address>
         <size>0x14</size>
         <input_file_ref idref="fl-10"/>
      </object_component>
      <object_component id="oc-32d">
         <name>.data:worldMap</name>
         <load_address>0x2000d7e8</load_address>
         <run_address>0x2000d7e8</run_address>
         <size>0x900</size>
         <input_file_ref idref="fl-18"/>
      </object_component>
      <object_component id="oc-32a">
         <name>.data</name>
         <load_address>0x2000e518</load_address>
         <run_address>0x2000e518</run_address>
         <size>0x30</size>
         <input_file_ref idref="fl-18"/>
      </object_component>
      <object_component id="oc-278">
         <name>.data:GPIO_PORT_TO_BASE</name>
         <load_address>0x2000e4e8</load_address>
         <run_address>0x2000e4e8</run_address>
         <size>0x30</size>
         <input_file_ref idref="fl-21"/>
      </object_component>
      <object_component id="oc-65e">
         <name>.data</name>
         <load_address>0x2000e564</load_address>
         <run_address>0x2000e564</run_address>
         <size>0x4</size>
         <input_file_ref idref="fl-102"/>
      </object_component>
      <object_component id="oc-3cd">
         <name>.bss:backChannelStringBuff</name>
         <uninitialized>true</uninitialized>
         <run_address>0x2000d538</run_address>
         <size>0x100</size>
         <input_file_ref idref="fl-6"/>
      </object_component>
      <object_component id="oc-4e2">
         <name>.bss</name>
         <uninitialized>true</uninitialized>
         <run_address>0x2000d7b0</run_address>
         <size>0x4</size>
         <input_file_ref idref="fl-b"/>
      </object_component>
      <object_component id="oc-4b4">
         <name>.bss</name>
         <uninitialized>true</uninitialized>
         <run_address>0x2000d7b4</run_address>
         <size>0x4</size>
         <input_file_ref idref="fl-d"/>
      </object_component>
      <object_component id="oc-4c2">
         <name>.bss:mag_trim</name>
         <uninitialized>true</uninitialized>
         <run_address>0x2000d788</run_address>
         <size>0x10</size>
         <input_file_ref idref="fl-d"/>
      </object_component>
      <object_component id="oc-4c5">
         <name>.bss:akm_asa_data</name>
         <uninitialized>true</uninitialized>
         <run_address>0x2000d7dc</run_address>
         <size>0x3</size>
         <input_file_ref idref="fl-d"/>
      </object_component>
      <object_component id="oc-4c8">
         <name>.bss:yas532_data</name>
         <uninitialized>true</uninitialized>
         <run_address>0x2000d6c8</run_address>
         <size>0x70</size>
         <input_file_ref idref="fl-d"/>
      </object_component>
      <object_component id="oc-374">
         <name>.bss:buf</name>
         <uninitialized>true</uninitialized>
         <run_address>0x2000d7b8</run_address>
         <size>0x4</size>
         <input_file_ref idref="fl-12"/>
      </object_component>
      <object_component id="oc-371">
         <name>.bss</name>
         <uninitialized>true</uninitialized>
         <run_address>0x2000d7ae</run_address>
         <size>0x2</size>
         <input_file_ref idref="fl-12"/>
      </object_component>
      <object_component id="oc-df">
         <name>.bss:threadControlBlocks</name>
         <uninitialized>true</uninitialized>
         <run_address>0x2000c700</run_address>
         <size>0x3f4</size>
         <input_file_ref idref="fl-15"/>
      </object_component>
      <object_component id="oc-e2">
         <name>.bss:threadStacks</name>
         <uninitialized>true</uninitialized>
         <run_address>0x20000000</run_address>
         <size>0xb800</size>
         <input_file_ref idref="fl-15"/>
      </object_component>
      <object_component id="oc-d4">
         <name>.bss:Pthread</name>
         <uninitialized>true</uninitialized>
         <run_address>0x2000d638</run_address>
         <size>0x90</size>
         <input_file_ref idref="fl-15"/>
      </object_component>
      <object_component id="oc-d7">
         <name>.bss</name>
         <uninitialized>true</uninitialized>
         <run_address>0x2000d798</run_address>
         <size>0xa</size>
         <input_file_ref idref="fl-15"/>
      </object_component>
      <object_component id="oc-39b">
         <name>.common:ButtonFunction</name>
         <uninitialized>true</uninitialized>
         <run_address>0x2000d7bc</run_address>
         <size>0x4</size>
      </object_component>
      <object_component id="oc-3a5">
         <name>.common:bme280</name>
         <uninitialized>true</uninitialized>
         <run_address>0x2000d738</run_address>
         <size>0x3c</size>
      </object_component>
      <object_component id="oc-4ba">
         <name>.common:accel_fifo</name>
         <uninitialized>true</uninitialized>
         <run_address>0x2000caf4</run_address>
         <size>0x36c</size>
      </object_component>
      <object_component id="oc-4bd">
         <name>.common:gyro_fifo</name>
         <uninitialized>true</uninitialized>
         <run_address>0x2000ce60</run_address>
         <size>0x36c</size>
      </object_component>
      <object_component id="oc-4be">
         <name>.common:mag_fifo</name>
         <uninitialized>true</uninitialized>
         <run_address>0x2000d1cc</run_address>
         <size>0x36c</size>
      </object_component>
      <object_component id="oc-37f">
         <name>.common:s_bmi160</name>
         <uninitialized>true</uninitialized>
         <run_address>0x2000d774</run_address>
         <size>0x14</size>
      </object_component>
      <object_component id="oc-382">
         <name>.common:gyroxyz</name>
         <uninitialized>true</uninitialized>
         <run_address>0x2000d7a8</run_address>
         <size>0x6</size>
      </object_component>
      <object_component id="oc-383">
         <name>.common:accelxyz</name>
         <uninitialized>true</uninitialized>
         <run_address>0x2000d7a2</run_address>
         <size>0x6</size>
      </object_component>
      <object_component id="oc-172">
         <name>.common:ui8Status</name>
         <uninitialized>true</uninitialized>
         <run_address>0x2000d7e1</run_address>
         <size>0x1</size>
      </object_component>
      <object_component id="oc-16f">
         <name>.common:pData</name>
         <uninitialized>true</uninitialized>
         <run_address>0x2000d7d8</run_address>
         <size>0x4</size>
      </object_component>
      <object_component id="oc-177">
         <name>.common:ui8DummyRead</name>
         <uninitialized>true</uninitialized>
         <run_address>0x2000d7e0</run_address>
         <size>0x1</size>
      </object_component>
      <object_component id="oc-173">
         <name>.common:g_ui32ByteCount</name>
         <uninitialized>true</uninitialized>
         <run_address>0x2000d7cc</run_address>
         <size>0x4</size>
      </object_component>
      <object_component id="oc-bd">
         <name>.common:CurrentlyRunningThread</name>
         <uninitialized>true</uninitialized>
         <run_address>0x2000d7c0</run_address>
         <size>0x4</size>
      </object_component>
      <object_component id="oc-d3">
         <name>.common:SystemTime</name>
         <uninitialized>true</uninitialized>
         <run_address>0x2000d7c8</run_address>
         <size>0x4</size>
      </object_component>
      <object_component id="oc-1a1">
         <name>.common:LcdSemaphore</name>
         <uninitialized>true</uninitialized>
         <run_address>0x2000d7c4</run_address>
         <size>0x4</size>
      </object_component>
      <object_component id="oc-331">
         <name>.common:FireFlag</name>
         <uninitialized>true</uninitialized>
         <run_address>0x2000d7df</run_address>
         <size>0x1</size>
      </object_component>
      <object_component id="oc-330">
         <name>.common:prevWalls</name>
         <uninitialized>true</uninitialized>
         <run_address>0x2000b800</run_address>
         <size>0xf00</size>
      </object_component>
      <object_component id="oc-360">
         <name>.common:hfxtFreq</name>
         <uninitialized>true</uninitialized>
         <run_address>0x2000d7d0</run_address>
         <size>0x4</size>
      </object_component>
      <object_component id="oc-35d">
         <name>.common:lfxtFreq</name>
         <uninitialized>true</uninitialized>
         <run_address>0x2000d7d4</run_address>
         <size>0x4</size>
      </object_component>
      <object_component id="oc-29">
         <name>.stack</name>
         <uninitialized>true</uninitialized>
         <run_address>0x2000fe00</run_address>
         <size>0x4</size>
         <input_file_ref idref="fl-f0"/>
      </object_component>
      <object_component id="oc-6e4">
         <name>.stack</name>
         <uninitialized>true</uninitialized>
         <run_address>0x2000fe00</run_address>
         <size>0x0</size>
      </object_component>
      <object_component id="oc-80">
         <name>.debug_info</name>
         <load_address>0x0</load_address>
         <run_address>0x0</run_address>
         <size>0x2c5</size>
         <input_file_ref idref="fl-2"/>
      </object_component>
      <object_component id="oc-27">
         <name>.debug_info</name>
         <load_address>0x2c5</load_address>
         <run_address>0x2c5</run_address>
         <size>0xf1</size>
         <input_file_ref idref="fl-2"/>
      </object_component>
      <object_component id="oc-68">
         <name>.debug_info</name>
         <load_address>0x3b6</load_address>
         <run_address>0x3b6</run_address>
         <size>0x1b8</size>
         <input_file_ref idref="fl-2"/>
      </object_component>
      <object_component id="oc-180">
         <name>.debug_info</name>
         <load_address>0x56e</load_address>
         <run_address>0x56e</run_address>
         <size>0x26b</size>
         <input_file_ref idref="fl-2"/>
      </object_component>
      <object_component id="oc-32">
         <name>.debug_info</name>
         <load_address>0x7d9</load_address>
         <run_address>0x7d9</run_address>
         <size>0x84</size>
         <input_file_ref idref="fl-2"/>
      </object_component>
      <object_component id="oc-266">
         <name>.debug_info</name>
         <load_address>0x85d</load_address>
         <run_address>0x85d</run_address>
         <size>0x297</size>
         <input_file_ref idref="fl-2"/>
      </object_component>
      <object_component id="oc-179">
         <name>.debug_info</name>
         <load_address>0xaf4</load_address>
         <run_address>0xaf4</run_address>
         <size>0xef</size>
         <input_file_ref idref="fl-2"/>
      </object_component>
      <object_component id="oc-e6">
         <name>.debug_info</name>
         <load_address>0xbe3</load_address>
         <run_address>0xbe3</run_address>
         <size>0xbb</size>
         <input_file_ref idref="fl-2"/>
      </object_component>
      <object_component id="oc-26b">
         <name>.debug_info</name>
         <load_address>0xc9e</load_address>
         <run_address>0xc9e</run_address>
         <size>0x533</size>
         <input_file_ref idref="fl-3"/>
      </object_component>
      <object_component id="oc-1ec">
         <name>.debug_info</name>
         <load_address>0x11d1</load_address>
         <run_address>0x11d1</run_address>
         <size>0xea</size>
         <input_file_ref idref="fl-3"/>
      </object_component>
      <object_component id="oc-b8">
         <name>.debug_info</name>
         <load_address>0x12bb</load_address>
         <run_address>0x12bb</run_address>
         <size>0x25c</size>
         <input_file_ref idref="fl-3"/>
      </object_component>
      <object_component id="oc-f5">
         <name>.debug_info</name>
         <load_address>0x1517</load_address>
         <run_address>0x1517</run_address>
         <size>0x37e2</size>
         <input_file_ref idref="fl-3"/>
      </object_component>
      <object_component id="oc-1f1">
         <name>.debug_info</name>
         <load_address>0x4cf9</load_address>
         <run_address>0x4cf9</run_address>
         <size>0x1055</size>
         <input_file_ref idref="fl-3"/>
      </object_component>
      <object_component id="oc-553">
         <name>.debug_info</name>
         <load_address>0x5d4e</load_address>
         <run_address>0x5d4e</run_address>
         <size>0x28d</size>
         <input_file_ref idref="fl-4"/>
      </object_component>
      <object_component id="oc-550">
         <name>.debug_info</name>
         <load_address>0x5fdb</load_address>
         <run_address>0x5fdb</run_address>
         <size>0xe9</size>
         <input_file_ref idref="fl-4"/>
      </object_component>
      <object_component id="oc-42e">
         <name>.debug_info</name>
         <load_address>0x60c4</load_address>
         <run_address>0x60c4</run_address>
         <size>0x1b9</size>
         <input_file_ref idref="fl-4"/>
      </object_component>
      <object_component id="oc-18c">
         <name>.debug_info</name>
         <load_address>0x627d</load_address>
         <run_address>0x627d</run_address>
         <size>0x2c</size>
         <input_file_ref idref="fl-4"/>
      </object_component>
      <object_component id="oc-355">
         <name>.debug_info</name>
         <load_address>0x62a9</load_address>
         <run_address>0x62a9</run_address>
         <size>0x814</size>
         <input_file_ref idref="fl-5"/>
      </object_component>
      <object_component id="oc-d0">
         <name>.debug_info</name>
         <load_address>0x6abd</load_address>
         <run_address>0x6abd</run_address>
         <size>0x25c</size>
         <input_file_ref idref="fl-5"/>
      </object_component>
      <object_component id="oc-3d2">
         <name>.debug_info</name>
         <load_address>0x6d19</load_address>
         <run_address>0x6d19</run_address>
         <size>0x51</size>
         <input_file_ref idref="fl-5"/>
      </object_component>
      <object_component id="oc-297">
         <name>.debug_info</name>
         <load_address>0x6d6a</load_address>
         <run_address>0x6d6a</run_address>
         <size>0x6c</size>
         <input_file_ref idref="fl-5"/>
      </object_component>
      <object_component id="oc-29c">
         <name>.debug_info</name>
         <load_address>0x6dd6</load_address>
         <run_address>0x6dd6</run_address>
         <size>0x9a</size>
         <input_file_ref idref="fl-5"/>
      </object_component>
      <object_component id="oc-2f7">
         <name>.debug_info</name>
         <load_address>0x6e70</load_address>
         <run_address>0x6e70</run_address>
         <size>0x62</size>
         <input_file_ref idref="fl-5"/>
      </object_component>
      <object_component id="oc-eb">
         <name>.debug_info</name>
         <load_address>0x6ed2</load_address>
         <run_address>0x6ed2</run_address>
         <size>0x8b</size>
         <input_file_ref idref="fl-5"/>
      </object_component>
      <object_component id="oc-1f6">
         <name>.debug_info</name>
         <load_address>0x6f5d</load_address>
         <run_address>0x6f5d</run_address>
         <size>0x338</size>
         <input_file_ref idref="fl-5"/>
      </object_component>
      <object_component id="oc-2f1">
         <name>.debug_info</name>
         <load_address>0x7295</load_address>
         <run_address>0x7295</run_address>
         <size>0x131</size>
         <input_file_ref idref="fl-5"/>
      </object_component>
      <object_component id="oc-523">
         <name>.debug_info</name>
         <load_address>0x73c6</load_address>
         <run_address>0x73c6</run_address>
         <size>0xee</size>
         <input_file_ref idref="fl-5"/>
      </object_component>
      <object_component id="oc-528">
         <name>.debug_info</name>
         <load_address>0x74b4</load_address>
         <run_address>0x74b4</run_address>
         <size>0x661</size>
         <input_file_ref idref="fl-5"/>
      </object_component>
      <object_component id="oc-3d1">
         <name>.debug_info</name>
         <load_address>0x7b15</load_address>
         <run_address>0x7b15</run_address>
         <size>0x7ad</size>
         <input_file_ref idref="fl-6"/>
      </object_component>
      <object_component id="oc-3cb">
         <name>.debug_info</name>
         <load_address>0x82c2</load_address>
         <run_address>0x82c2</run_address>
         <size>0x116</size>
         <input_file_ref idref="fl-6"/>
      </object_component>
      <object_component id="oc-3ce">
         <name>.debug_info</name>
         <load_address>0x83d8</load_address>
         <run_address>0x83d8</run_address>
         <size>0x10a</size>
         <input_file_ref idref="fl-6"/>
      </object_component>
      <object_component id="oc-252">
         <name>.debug_info</name>
         <load_address>0x84e2</load_address>
         <run_address>0x84e2</run_address>
         <size>0xbba</size>
         <input_file_ref idref="fl-6"/>
      </object_component>
      <object_component id="oc-52d">
         <name>.debug_info</name>
         <load_address>0x909c</load_address>
         <run_address>0x909c</run_address>
         <size>0xcc</size>
         <input_file_ref idref="fl-6"/>
      </object_component>
      <object_component id="oc-518">
         <name>.debug_info</name>
         <load_address>0x9168</load_address>
         <run_address>0x9168</run_address>
         <size>0x2c</size>
         <input_file_ref idref="fl-6"/>
      </object_component>
      <object_component id="oc-c2">
         <name>.debug_info</name>
         <load_address>0x9194</load_address>
         <run_address>0x9194</run_address>
         <size>0x317</size>
         <input_file_ref idref="fl-7"/>
      </object_component>
      <object_component id="oc-39c">
         <name>.debug_info</name>
         <load_address>0x94ab</load_address>
         <run_address>0x94ab</run_address>
         <size>0x5c9</size>
         <input_file_ref idref="fl-8"/>
      </object_component>
      <object_component id="oc-246">
         <name>.debug_info</name>
         <load_address>0x9a74</load_address>
         <run_address>0x9a74</run_address>
         <size>0x51f</size>
         <input_file_ref idref="fl-8"/>
      </object_component>
      <object_component id="oc-2f6">
         <name>.debug_info</name>
         <load_address>0x9f93</load_address>
         <run_address>0x9f93</run_address>
         <size>0x6b3</size>
         <input_file_ref idref="fl-9"/>
      </object_component>
      <object_component id="oc-2e0">
         <name>.debug_info</name>
         <load_address>0xa646</load_address>
         <run_address>0xa646</run_address>
         <size>0xe5</size>
         <input_file_ref idref="fl-9"/>
      </object_component>
      <object_component id="oc-196">
         <name>.debug_info</name>
         <load_address>0xa72b</load_address>
         <run_address>0xa72b</run_address>
         <size>0x121c</size>
         <input_file_ref idref="fl-9"/>
      </object_component>
      <object_component id="oc-2d9">
         <name>.debug_info</name>
         <load_address>0xb947</load_address>
         <run_address>0xb947</run_address>
         <size>0x252</size>
         <input_file_ref idref="fl-9"/>
      </object_component>
      <object_component id="oc-2d3">
         <name>.debug_info</name>
         <load_address>0xbb99</load_address>
         <run_address>0xbb99</run_address>
         <size>0x1ae</size>
         <input_file_ref idref="fl-9"/>
      </object_component>
      <object_component id="oc-426">
         <name>.debug_info</name>
         <load_address>0xbd47</load_address>
         <run_address>0xbd47</run_address>
         <size>0x1b8</size>
         <input_file_ref idref="fl-9"/>
      </object_component>
      <object_component id="oc-2c5">
         <name>.debug_info</name>
         <load_address>0xbeff</load_address>
         <run_address>0xbeff</run_address>
         <size>0x1be</size>
         <input_file_ref idref="fl-9"/>
      </object_component>
      <object_component id="oc-2eb">
         <name>.debug_info</name>
         <load_address>0xc0bd</load_address>
         <run_address>0xc0bd</run_address>
         <size>0x1bb</size>
         <input_file_ref idref="fl-9"/>
      </object_component>
      <object_component id="oc-2cb">
         <name>.debug_info</name>
         <load_address>0xc278</load_address>
         <run_address>0xc278</run_address>
         <size>0x177</size>
         <input_file_ref idref="fl-9"/>
      </object_component>
      <object_component id="oc-2b7">
         <name>.debug_info</name>
         <load_address>0xc3ef</load_address>
         <run_address>0xc3ef</run_address>
         <size>0x1ec</size>
         <input_file_ref idref="fl-9"/>
      </object_component>
      <object_component id="oc-2bd">
         <name>.debug_info</name>
         <load_address>0xc5db</load_address>
         <run_address>0xc5db</run_address>
         <size>0x1bf</size>
[...]
         <value>0x1534b</value>
         <object_component_ref idref="oc-124"/>
      </symbol>
      <symbol id="sm-1094">
         <name>I2C_disableModule</name>
         <value>0x152e7</value>
         <object_component_ref idref="oc-10c"/>
      </symbol>
      <symbol id="sm-10df">
         <name>Interrupt_disableInterrupt</name>
         <value>0x14669</value>
         <object_component_ref idref="oc-13c"/>
      </symbol>
      <symbol id="sm-10e0">
         <name>Interrupt_setPriority</name>
         <value>0x14ffd</value>
         <object_component_ref idref="oc-395"/>
      </symbol>
      <symbol id="sm-10e1">
         <name>Interrupt_enableInterrupt</name>
         <value>0x146cd</value>
         <object_component_ref idref="oc-130"/>
      </symbol>
      <symbol id="sm-1147">
         <name>PCM_setCoreVoltageLevel</name>
         <value>0x15353</value>
         <object_component_ref idref="oc-200"/>
      </symbol>
      <symbol id="sm-1148">
         <name>PCM_getCoreVoltageLevel</name>
         <value>0x14f0f</value>
         <object_component_ref idref="oc-476"/>
      </symbol>
      <symbol id="sm-1149">
         <name>PCM_getPowerMode</name>
         <value>0x14f3b</value>
         <object_component_ref idref="oc-470"/>
      </symbol>
      <symbol id="sm-114a">
         <name>PCM_getPowerState</name>
         <value>0x15301</value>
         <object_component_ref idref="oc-47c"/>
      </symbol>
      <symbol id="sm-114b">
         <name>PCM_setPowerMode</name>
         <value>0x1535b</value>
         <object_component_ref idref="oc-482"/>
      </symbol>
      <symbol id="sm-11d3">
         <name>EUSCI_B_SPI_receiveData</name>
         <value>0x15379</value>
         <object_component_ref idref="oc-567"/>
      </symbol>
      <symbol id="sm-11d4">
         <name>EUSCI_A_SPI_enableInterrupt</name>
         <value>0x1533b</value>
         <object_component_ref idref="oc-41d"/>
      </symbol>
      <symbol id="sm-11d5">
         <name>EUSCI_B_SPI_enable</name>
         <value>0x152db</value>
         <object_component_ref idref="oc-40a"/>
      </symbol>
      <symbol id="sm-11d6">
         <name>SPI_enableModule</name>
         <value>0x150fd</value>
         <object_component_ref idref="oc-2a9"/>
      </symbol>
      <symbol id="sm-11d7">
         <name>EUSCI_A_SPI_receiveData</name>
         <value>0x15373</value>
         <object_component_ref idref="oc-561"/>
      </symbol>
      <symbol id="sm-11d8">
         <name>EUSCI_A_SPI_transmitData</name>
         <value>0x15397</value>
         <object_component_ref idref="oc-55a"/>
      </symbol>
      <symbol id="sm-11d9">
         <name>EUSCI_B_SPI_transmitData</name>
         <value>0x1539b</value>
         <object_component_ref idref="oc-554"/>
      </symbol>
      <symbol id="sm-11da">
         <name>SPI_transmitData</name>
         <value>0x150a5</value>
         <object_component_ref idref="oc-433"/>
      </symbol>
      <symbol id="sm-11db">
         <name>EUSCI_A_SPI_enable</name>
         <value>0x152cf</value>
         <object_component_ref idref="oc-410"/>
      </symbol>
      <symbol id="sm-11dc">
         <name>EUSCI_B_SPI_enableInterrupt</name>
         <value>0x15343</value>
         <object_component_ref idref="oc-417"/>
      </symbol>
      <symbol id="sm-11dd">
         <name>SPI_receiveData</name>
         <value>0x15117</value>
         <object_component_ref idref="oc-439"/>
      </symbol>
      <symbol id="sm-11de">
         <name>SPI_initMaster</name>
         <value>0x14221</value>
         <object_component_ref idref="oc-2a3"/>
      </symbol>
      <symbol id="sm-11df">
         <name>SPI_enableInterrupt</name>
         <value>0x15085</value>
         <object_component_ref idref="oc-2af"/>
      </symbol>
      <symbol id="sm-1212">
         <name>SysCtl_getNMISourceStatus</name>
         <value>0x1530d</value>
         <object_component_ref idref="oc-493"/>
      </symbol>
      <symbol id="sm-1213">
         <name>SysCtl_enableNMISource</name>
         <value>0x15279</value>
         <object_component_ref idref="oc-4a5"/>
      </symbol>
      <symbol id="sm-1214">
         <name>SysCtl_disableNMISource</name>
         <value>0x15269</value>
         <object_component_ref idref="oc-499"/>
      </symbol>
      <symbol id="sm-1215">
         <name>SysCtl_getTLVInfo</name>
         <value>0x149a9</value>
         <object_component_ref idref="oc-53b"/>
      </symbol>
      <symbol id="sm-1221">
         <name>SysTick_enableInterrupt</name>
         <value>0x1521d</value>
         <object_component_ref idref="oc-c7"/>
      </symbol>
      <symbol id="sm-1250">
         <name>UART_enableModule</name>
         <value>0x15319</value>
         <object_component_ref idref="oc-3be"/>
      </symbol>
      <symbol id="sm-1251">
         <name>UART_transmitData</name>
         <value>0x15021</value>
         <object_component_ref idref="oc-3ac"/>
      </symbol>
      <symbol id="sm-1252">
         <name>UART_initModule</name>
         <value>0x1418d</value>
         <object_component_ref idref="oc-3b8"/>
      </symbol>
      <symbol id="sm-1268">
         <name>WDT_A_clearTimer</name>
         <value>0x1517d</value>
         <object_component_ref idref="oc-226"/>
      </symbol>
      <symbol id="sm-1269">
         <name>WDT_A_holdTimer</name>
         <value>0x15195</value>
         <object_component_ref idref="oc-22c"/>
      </symbol>
      <symbol id="sm-1299">
         <name>snprintf</name>
         <value>0x14add</value>
         <object_component_ref idref="oc-3c4"/>
      </symbol>
      <symbol id="sm-12a7">
         <name>__aeabi_ldivmod</name>
         <value>0x14593</value>
         <object_component_ref idref="oc-4ea"/>
      </symbol>
      <symbol id="sm-12b4">
         <name>__aeabi_uldivmod</name>
         <value>0x140f5</value>
         <object_component_ref idref="oc-5aa"/>
      </symbol>
      <symbol id="sm-12cb">
         <name>__aeabi_dsub</name>
         <value>0x12e99</value>
         <object_component_ref idref="oc-316"/>
      </symbol>
      <symbol id="sm-12cc">
         <name>__aeabi_dadd</name>
         <value>0x12ea3</value>
         <object_component_ref idref="oc-316"/>
      </symbol>
      <symbol id="sm-12ee">
         <name>__aeabi_cdcmpeq</name>
         <value>0x142a9</value>
         <object_component_ref idref="oc-325"/>
      </symbol>
      <symbol id="sm-12ef">
         <name>__aeabi_cdcmple</name>
         <value>0x142a9</value>
         <object_component_ref idref="oc-325"/>
      </symbol>
      <symbol id="sm-12f0">
         <name>__aeabi_cdrcmple</name>
         <value>0x1432f</value>
         <object_component_ref idref="oc-61c"/>
      </symbol>
      <symbol id="sm-1304">
         <name>__aeabi_ddiv</name>
         <value>0x13459</value>
         <object_component_ref idref="oc-311"/>
      </symbol>
      <symbol id="sm-130f">
         <name>__aeabi_dmul</name>
         <value>0x139c7</value>
         <object_component_ref idref="oc-31b"/>
      </symbol>
      <symbol id="sm-1319">
         <name>__aeabi_d2iz</name>
         <value>0x14bb9</value>
         <object_component_ref idref="oc-320"/>
      </symbol>
      <symbol id="sm-1323">
         <name>__aeabi_i2d</name>
         <value>0x14ee1</value>
         <object_component_ref idref="oc-30c"/>
      </symbol>
      <symbol id="sm-132c">
         <name>__aeabi_lmul</name>
         <value>0x151c5</value>
         <object_component_ref idref="oc-4e5"/>
      </symbol>
      <symbol id="sm-1347">
         <name>memcpy</name>
         <value>0x13fc1</value>
         <object_component_ref idref="oc-37"/>
      </symbol>
      <symbol id="sm-1348">
         <name>__aeabi_memcpy</name>
         <value>0x13fc1</value>
         <object_component_ref idref="oc-37"/>
      </symbol>
      <symbol id="sm-1349">
         <name>__aeabi_memcpy8</name>
         <value>0x13fc1</value>
         <object_component_ref idref="oc-37"/>
      </symbol>
      <symbol id="sm-134a">
         <name>__aeabi_memcpy4</name>
         <value>0x13fc1</value>
         <object_component_ref idref="oc-37"/>
      </symbol>
      <symbol id="sm-1359">
         <name>__aeabi_memset</name>
         <value>0x1443b</value>
         <object_component_ref idref="oc-98"/>
      </symbol>
      <symbol id="sm-135a">
         <name>memset</name>
         <value>0x14441</value>
         <object_component_ref idref="oc-98"/>
      </symbol>
      <symbol id="sm-135b">
         <name>__aeabi_memset8</name>
         <value>0x1443b</value>
         <object_component_ref idref="oc-98"/>
      </symbol>
      <symbol id="sm-135c">
         <name>__aeabi_memset4</name>
         <value>0x1443b</value>
         <object_component_ref idref="oc-98"/>
      </symbol>
      <symbol id="sm-135d">
         <name>__aeabi_memclr8</name>
         <value>0x14439</value>
         <object_component_ref idref="oc-98"/>
      </symbol>
      <symbol id="sm-135e">
         <name>__aeabi_memclr4</name>
         <value>0x14439</value>
         <object_component_ref idref="oc-98"/>
      </symbol>
      <symbol id="sm-135f">
         <name>__aeabi_memclr</name>
         <value>0x14439</value>
         <object_component_ref idref="oc-98"/>
      </symbol>
      <symbol id="sm-1371">
         <name>__TI_zero_init</name>
         <value>0x15325</value>
         <object_component_ref idref="oc-49"/>
      </symbol>
      <symbol id="sm-1388">
         <name>__TI_decompress_none</name>
         <value>0x152b3</value>
         <object_component_ref idref="oc-1d"/>
      </symbol>
      <symbol id="sm-13ab">
         <name>__TI_decompress_lzss</name>
         <value>0x14601</value>
         <object_component_ref idref="oc-17"/>
      </symbol>
      <symbol id="sm-13be">
         <name>__stack</name>
         <value>0x2000fe00</value>
         <object_component_ref idref="oc-29"/>
      </symbol>
      <symbol id="sm-13bf">
         <name>_c_int00_noargs</name>
         <value>0x14e1d</value>
         <object_component_ref idref="oc-55"/>
      </symbol>
      <symbol id="sm-1524">
         <name>__TI_printfi</name>
         <value>0xfafd</value>
         <object_component_ref idref="oc-4fa"/>
      </symbol>
      <symbol id="sm-1544">
         <name>frexpl</name>
         <value>0x14731</value>
         <object_component_ref idref="oc-642"/>
      </symbol>
      <symbol id="sm-1545">
         <name>frexp</name>
         <value>0x14731</value>
         <object_component_ref idref="oc-642"/>
      </symbol>
      <symbol id="sm-1562">
         <name>scalbn</name>
         <value>0x136b5</value>
         <object_component_ref idref="oc-648"/>
      </symbol>
      <symbol id="sm-1563">
         <name>scalbnl</name>
         <value>0x136b5</value>
         <object_component_ref idref="oc-648"/>
      </symbol>
      <symbol id="sm-1564">
         <name>ldexpl</name>
         <value>0x136b5</value>
         <object_component_ref idref="oc-648"/>
      </symbol>
      <symbol id="sm-1565">
         <name>ldexp</name>
         <value>0x136b5</value>
         <object_component_ref idref="oc-648"/>
      </symbol>
      <symbol id="sm-157e">
         <name>wcslen</name>
         <value>0x15245</value>
         <object_component_ref idref="oc-5e9"/>
      </symbol>
      <symbol id="sm-1588">
         <name>__aeabi_idiv0</name>
         <value>0x1054b</value>
         <object_component_ref idref="oc-5a5"/>
      </symbol>
      <symbol id="sm-1589">
         <name>__aeabi_ldiv0</name>
         <value>0x1054b</value>
         <object_component_ref idref="oc-5a5"/>
      </symbol>
      <symbol id="sm-15b1">
         <name>__TI_auto_init_nobinit_nopinit</name>
         <value>0x14c45</value>
         <object_component_ref idref="oc-1b9"/>
      </symbol>
      <symbol id="sm-15bb">
         <name>_system_pre_init</name>
         <value>0x153a3</value>
         <object_component_ref idref="oc-9e"/>
      </symbol>
      <symbol id="sm-15c7">
         <name>C$$EXIT</name>
         <value>0x153a7</value>
         <object_component_ref idref="oc-1ad"/>
      </symbol>
      <symbol id="sm-15c8">
         <name>abort</name>
         <value>0x153a7</value>
         <object_component_ref idref="oc-1ad"/>
      </symbol>
      <symbol id="sm-15d8">
         <name>__TI_ltoa</name>
         <value>0x14903</value>
         <object_component_ref idref="oc-621"/>
      </symbol>
      <symbol id="sm-15ef">
         <name>atoi</name>
         <value>0x14a91</value>
         <object_component_ref idref="oc-5bf"/>
      </symbol>
      <symbol id="sm-15fa">
         <name>_ctypes_</name>
         <value>0x1599c</value>
         <object_component_ref idref="oc-616"/>
      </symbol>
      <symbol id="sm-160a">
         <name>memccpy</name>
         <value>0x150e1</value>
         <object_component_ref idref="oc-5e3"/>
      </symbol>
      <symbol id="sm-161a">
         <name>strchr</name>
         <value>0x151dd</value>
         <object_component_ref idref="oc-64e"/>
      </symbol>
      <symbol id="sm-1628">
         <name>strlen</name>
         <value>0x15231</value>
         <object_component_ref idref="oc-5b9"/>
      </symbol>
      <symbol id="sm-163e">
         <name>__aeabi_errno_addr</name>
         <value>0x15365</value>
         <object_component_ref idref="oc-5ef"/>
      </symbol>
      <symbol id="sm-163f">
         <name>errno</name>
         <value>0x2000e564</value>
         <object_component_ref idref="oc-65e"/>
      </symbol>
      <symbol id="sm-1649">
         <name>copysign</name>
         <value>0x15131</value>
         <object_component_ref idref="oc-684"/>
      </symbol>
      <symbol id="sm-164a">
         <name>copysignl</name>
         <value>0x15131</value>
         <object_component_ref idref="oc-684"/>
      </symbol>
      <symbol id="sm-164b">
         <name>__TI_static_base__</name>
         <value>0x0</value>
      </symbol>
      <symbol id="sm-164e">
         <name>__mpu_init</name>
         <value>0x0</value>
      </symbol>
      <symbol id="sm-164f">
         <name>_system_post_cinit</name>
         <value>0x0</value>
      </symbol>
      <symbol id="sm-1650">
         <name>NMI_Handler</name>
         <value>0x152cd</value>
      </symbol>
      <symbol id="sm-1651">
         <name>HardFault_Handler</name>
         <value>0x152cd</value>
      </symbol>
      <symbol id="sm-1652">
         <name>MemManage_Handler</name>
         <value>0x152cd</value>
      </symbol>
      <symbol id="sm-1653">
         <name>BusFault_Handler</name>
         <value>0x152cd</value>
      </symbol>
      <symbol id="sm-1654">
         <name>UsageFault_Handler</name>
         <value>0x152cd</value>
      </symbol>
      <symbol id="sm-1655">
         <name>SVC_Handler</name>
         <value>0x152cd</value>
      </symbol>
      <symbol id="sm-1656">
         <name>DebugMon_Handler</name>
         <value>0x152cd</value>
      </symbol>
      <symbol id="sm-1657">
         <name>PendSV_Handler</name>
         <value>0x14883</value>
      </symbol>
      <symbol id="sm-1658">
         <name>SysTick_Handler</name>
         <value>0x10fc3</value>
      </symbol>
      <symbol id="sm-1659">
         <name>PSS_IRQHandler</name>
         <value>0x152cd</value>
      </symbol>
      <symbol id="sm-165a">
         <name>CS_IRQHandler</name>
         <value>0x152cd</value>
      </symbol>
      <symbol id="sm-165b">
         <name>PCM_IRQHandler</name>
         <value>0x152cd</value>
      </symbol>
      <symbol id="sm-165c">
         <name>WDT_A_IRQHandler</name>
         <value>0x152cd</value>
      </symbol>
      <symbol id="sm-165d">
         <name>FPU_IRQHandler</name>
         <value>0x152cd</value>
      </symbol>
      <symbol id="sm-165e">
         <name>FLCTL_IRQHandler</name>
         <value>0x152cd</value>
      </symbol>
      <symbol id="sm-165f">
         <name>COMP_E0_IRQHandler</name>
         <value>0x152cd</value>
      </symbol>
      <symbol id="sm-1660">
         <name>COMP_E1_IRQHandler</name>
         <value>0x152cd</value>
      </symbol>
      <symbol id="sm-1661">
         <name>TA0_0_IRQHandler</name>
         <value>0x152cd</value>
      </symbol>
      <symbol id="sm-1662">
         <name>TA0_N_IRQHandler</name>
         <value>0x152cd</value>
      </symbol>
      <symbol id="sm-1663">
         <name>TA1_0_IRQHandler</name>
         <value>0x152cd</value>
      </symbol>
      <symbol id="sm-1664">
         <name>TA1_N_IRQHandler</name>
         <value>0x152cd</value>
      </symbol>
      <symbol id="sm-1665">
         <name>TA2_0_IRQHandler</name>
         <value>0x152cd</value>
      </symbol>
      <symbol id="sm-1666">
         <name>TA2_N_IRQHandler</name>
         <value>0x152cd</value>
      </symbol>
      <symbol id="sm-1667">
         <name>TA3_0_IRQHandler</name>
         <value>0x152cd</value>
      </symbol>
      <symbol id="sm-1668">
         <name>TA3_N_IRQHandler</name>
         <value>0x152cd</value>
      </symbol>
      <symbol id="sm-1669">
         <name>EUSCIA0_IRQHandler</name>
         <value>0x152cd</value>
      </symbol>
      <symbol id="sm-166a">
         <name>EUSCIA1_IRQHandler</name>
         <value>0x152cd</value>
      </symbol>
      <symbol id="sm-166b">
         <name>EUSCIA2_IRQHandler</name>
         <value>0x152cd</value>
      </symbol>
      <symbol id="sm-166c">
         <name>EUSCIA3_IRQHandler</name>
         <value>0x152cd</value>
      </symbol>
      <symbol id="sm-166d">
         <name>EUSCIB0_IRQHandler</name>
         <value>0x152cd</value>
      </symbol>
      <symbol id="sm-166e">
         <name>EUSCIB1_IRQHandler</name>
         <value>0x11e51</value>
      </symbol>
      <symbol id="sm-166f">
         <name>EUSCIB2_IRQHandler</name>
         <value>0x152cd</value>
      </symbol>
      <symbol id="sm-1670">
         <name>EUSCIB3_IRQHandler</name>
         <value>0x152cd</value>
      </symbol>
      <symbol id="sm-1671">
         <name>ADC14_IRQHandler</name>
         <value>0x152cd</value>
      </symbol>
      <symbol id="sm-1672">
         <name>T32_INT1_IRQHandler</name>
         <value>0x152cd</value>
      </symbol>
      <symbol id="sm-1673">
         <name>T32_INT2_IRQHandler</name>
         <value>0x152cd</value>
      </symbol>
      <symbol id="sm-1674">
         <name>T32_INTC_IRQHandler</name>
         <value>0x152cd</value>
      </symbol>
      <symbol id="sm-1675">
         <name>AES256_IRQHandler</name>
         <value>0x152cd</value>
      </symbol>
      <symbol id="sm-1676">
         <name>RTC_C_IRQHandler</name>
         <value>0x152cd</value>
      </symbol>
      <symbol id="sm-1677">
         <name>DMA_ERR_IRQHandler</name>
         <value>0x152cd</value>
      </symbol>
      <symbol id="sm-1678">
         <name>DMA_INT3_IRQHandler</name>
         <value>0x152cd</value>
      </symbol>
      <symbol id="sm-1679">
         <name>DMA_INT2_IRQHandler</name>
         <value>0x152cd</value>
      </symbol>
      <symbol id="sm-167a">
         <name>DMA_INT1_IRQHandler</name>
         <value>0x152cd</value>
      </symbol>
      <symbol id="sm-167b">
         <name>DMA_INT0_IRQHandler</name>
         <value>0x152cd</value>
      </symbol>
      <symbol id="sm-167c">
         <name>PORT1_IRQHandler</name>
         <value>0x152cd</value>
      </symbol>
      <symbol id="sm-167d">
         <name>PORT2_IRQHandler</name>
         <value>0x152cd</value>
      </symbol>
      <symbol id="sm-167e">
         <name>PORT3_IRQHandler</name>
         <value>0x152cd</value>
      </symbol>
      <symbol id="sm-167f">
         <name>PORT4_IRQHandler</name>
         <value>0x152cd</value>
      </symbol>
      <symbol id="sm-1680">
         <name>PORT5_IRQHandler</name>
         <value>0x152cd</value>
      </symbol>
      <symbol id="sm-1681">
         <name>PORT6_IRQHandler</name>
         <value>0x152cd</value>
      </symbol>
   </symbol_table>
   <title>Link successful</title>
</link_info>
