******************************************************************************
                  TI ARM Linker PC v19.6.0                     
******************************************************************************
>> Linked Wed Apr 29 21:47:08 2020

OUTPUT FILE NAME:   <FinalProject.out>
ENTRY POINT SYMBOL: "_c_int00_noargs"  address: 00014e1d


MEMORY CONFIGURATION

         name            origin    length      used     unused   attr    fill
----------------------  --------  ---------  --------  --------  ----  --------
  MAIN                  00000000   00040000  00015c34  0002a3cc  R  X
  INFO                  00200000   00004000  00000000  00004000  R  X
  SRAM_CODE             01000000   00010000  0000e767  00001899  RW X
  SRAM_DATA             20000000   00010000  0000e767  00001899  RW  


SEGMENT ALLOCATION MAP

run origin  load origin   length   init length attrs members
----------  ----------- ---------- ----------- ----- -------
00000000    00000000    00015c38   00015c38    r-x
  00000000    00000000    000000e4   000000e4    r-- .intvecs
  000000e4    000000e4    000152c6   000152c6    r-x .text
  000153ac    000153ac    000007e2   000007e2    r-- .const
  00015b90    00015b90    000000a8   000000a8    r-- .cinit
20000000    20000000    0000e56d   00000000    rw-
  20000000    20000000    0000d7e2   00000000    rw- .bss
  2000d7e8    2000d7e8    00000d85   00000000    rw- .data
2000fe00    2000fe00    00000200   00000000    rw-
  2000fe00    2000fe00    00000200   00000000    rw- .stack


SECTION ALLOCATION MAP

 output                                  attributes/
section   page    origin      length       input sections
--------  ----  ----------  ----------   ----------------
.intvecs   0    00000000    000000e4     
                  00000000    000000e4     startup_msp432p401r_ccs.obj (.intvecs:retain)

.text      0    000000e4    000152c6     
                  000000e4    0000d5e0     bmi160.obj (.text)
                  0000d6c4    00001810     bme280.obj (.text)
                  0000eed4    00000c28     bmi160_support.obj (.text)
                  0000fafc    00000a4e     rtsv7M4_T_le_v4SPD16_eabi.lib : _printfi.c.obj (.text:__TI_printfi)
                  0001054a    00000002                                   : div0.asm.obj (.text)
                  0001054c    00000930     Threads.obj (.text)
                  00010e7c    000006f4     G8RTOS_Scheduler.obj (.text)
                  00011570    00000648     LCDLib.obj (.text)
                  00011bb8    00000360     i2c_driver.obj (.text)
                  00011f18    00000334     system_msp432p401r.obj (.text)
                  0001224c    000002f8     BackChannelUart.obj (.text)
                  00012544    000002e0     bme280_support.obj (.text)
                  00012824    00000270     rtsv7M4_T_le_v4SPD16_eabi.lib : _printfi.c.obj (.text:_pconv_a)
                  00012a94    00000234     tmp007.obj (.text)
                  00012cc8    000001d0     rtsv7M4_T_le_v4SPD16_eabi.lib : _printfi.c.obj (.text:_pconv_g)
                  00012e98    000001b6                                   : fd_add_t2.asm.obj (.text)
                  0001304e    00000002     --HOLE-- [fill = 0]
                  00013050    00000178     Joystick.obj (.text)
                  000131c8    00000154     RGBLeds.obj (.text)
                  0001331c    0000013c     rtsv7M4_T_le_v4SPD16_eabi.lib : _printfi.c.obj (.text:_pconv_e)
                  00013458    00000136                                   : fd_div_t2.asm.obj (.text)
                  0001358e    00000002     --HOLE-- [fill = 0]
                  00013590    00000124                                   : _printfi.c.obj (.text:fcvt)
                  000136b4    00000110                                   : s_scalbn.c.obj (.text:scalbn)
                  000137c4    00000104     msp432p4xx_driverlib.lib : cs.o (.text:CS_getDCOFrequency)
                  000138c8    000000fe     opt3001.obj (.text)
                  000139c6    000000fc     rtsv7M4_T_le_v4SPD16_eabi.lib : fd_mul_t2.asm.obj (.text)
                  00013ac2    00000002     --HOLE-- [fill = 0]
                  00013ac4    000000e0     msp432p4xx_driverlib.lib : cs.o (.text:CS_initClockSignal)
                  00013ba4    000000dc                              : pcm.o (.text:__PCM_setPowerModeAdvanced)
                  00013c80    000000b1     rtsv7M4_T_le_v4SPD16_eabi.lib : _printfi.c.obj (.text:_ltostr)
                  00013d31    00000003     --HOLE-- [fill = 0]
                  00013d34    000000b0     msp432p4xx_driverlib.lib : pcm.o (.text:__PCM_setCoreVoltageLevelAdvanced)
                  00013de4    000000a4     LCDLib.obj (.text:PutChar)
                  00013e88    0000009c     msp432p4xx_driverlib.lib : cs.o (.text:CS_startHFXTWithTimeout)
                  00013f24    0000009c                              : cs.o (.text:_CSComputeCLKFrequency)
                  00013fc0    0000009c     rtsv7M4_T_le_v4SPD16_eabi.lib : memcpy_t2.asm.obj (.text)
                  0001405c    00000098     G8RTOS_Semaphores.obj (.text)
                  000140f4    00000096     rtsv7M4_T_le_v4SPD16_eabi.lib : ull_div_t2.asm.obj (.text)
                  0001418a    00000002     --HOLE-- [fill = 0]
                  0001418c    00000094     msp432p4xx_driverlib.lib : uart.o (.text:UART_initModule)
                  00014220    00000088                              : spi.o (.text:SPI_initMaster)
                  000142a8    00000086     rtsv7M4_T_le_v4SPD16_eabi.lib : fd_cmp_t2.asm.obj (.text:__aeabi_cdcmple)
                  0001432e    00000086                                   : fd_cmp_t2.asm.obj (.text:__aeabi_cdrcmple)
                  000143b4    00000084     ClockSys.obj (.text)
                  00014438    0000007a     rtsv7M4_T_le_v4SPD16_eabi.lib : memset_t2.asm.obj (.text)
                  000144b2    00000002     --HOLE-- [fill = 0]
                  000144b4    00000070     msp432p4xx_driverlib.lib : cs.o (.text:_CSGetHFXTFrequency)
                  00014524    0000006e     rtsv7M4_T_le_v4SPD16_eabi.lib : _printfi.c.obj (.text:_mcpy)
                  00014592    0000006e                                   : ll_div_t2.asm.obj (.text)
                  00014600    00000068                                   : copy_decompress_lzss.c.obj (.text:decompress:lzss:__TI_decompress_lzss)
                  00014668    00000064     msp432p4xx_driverlib.lib : interrupt.o (.text:Interrupt_disableInterrupt)
                  000146cc    00000064                              : interrupt.o (.text:Interrupt_enableInterrupt)
                  00014730    00000064     rtsv7M4_T_le_v4SPD16_eabi.lib : s_frexp.c.obj (.text:frexp)
                  00014794    00000060     LCDLib.obj (.text:LCD_newReadData)
                  000147f4    00000060     main.obj (.text)
                  00014854    00000058     G8RTOS_SchedulerASM.obj (.text)
                  000148ac    00000056     rtsv7M4_T_le_v4SPD16_eabi.lib : _printfi.c.obj (.text:_pconv_f)
                  00014902    00000054                                   : _ltoa.c.obj (.text:__TI_ltoa)
                  00014956    00000052                                   : _printfi.c.obj (.text:_ecpy)
                  000149a8    00000050     msp432p4xx_driverlib.lib : sysctl.o (.text:SysCtl_getTLVInfo)
                  000149f8    0000004c                              : gpio.o (.text:GPIO_setAsPeripheralModuleFunctionOutputPin)
                  00014a44    0000004c                              : cs.o (.text:_CSGetDOCFrequency)
                  00014a90    0000004c     rtsv7M4_T_le_v4SPD16_eabi.lib : atoi.c.obj (.text:atoi)
                  00014adc    0000004c                                   : snprintf.c.obj (.text:snprintf)
                  00014b28    00000048     msp432p4xx_driverlib.lib : gpio.o (.text:GPIO_setAsPeripheralModuleFunctionInputPin)
                  00014b70    00000048                              : cs.o (.text:_CSGetDividerValue)
                  00014bb8    00000048     rtsv7M4_T_le_v4SPD16_eabi.lib : fd_toi_t2.asm.obj (.text)
                  00014c00    00000044     AsciiLib.obj (.text)
                  00014c44    00000044     rtsv7M4_T_le_v4SPD16_eabi.lib : autoinit.c.obj (.text:__TI_auto_init_nobinit_nopinit:__TI_auto_init_nobinit_nopinit)
                  00014c88    00000040     LCDLib.obj (.text:LCD_WriteData)
                  00014cc8    0000003e     msp432p4xx_driverlib.lib : i2c.o (.text:I2C_initMaster)
                  00014d06    0000003e     rtsv7M4_T_le_v4SPD16_eabi.lib : _printfi.c.obj (.text:_fcpy)
                  00014d44    00000038     msp432p4xx_driverlib.lib : i2c.o (.text:I2C_masterSendMultiByteStart)
                  00014d7c    00000038     LCDLib.obj (.text:SPISendRecvByte)
                  00014db4    00000034     BSP.obj (.text)
                  00014de8    00000034     LCDLib.obj (.text:LCD_WriteIndex)
                  00014e1c    00000034     rtsv7M4_T_le_v4SPD16_eabi.lib : boot_cortex_m.c.obj (.text:_c_int00_noargs:_c_int00_noargs)
                  00014e50    00000030     msp432p4xx_driverlib.lib : i2c.o (.text:I2C_masterSendMultiByteStop)
                  00014e80    00000030     rtsv7M4_T_le_v4SPD16_eabi.lib : snprintf.c.obj (.text:_outs)
                  00014eb0    00000030     msp432p4xx_driverlib.lib : spi.o (.text:is_A_Module)
                  00014ee0    0000002e     rtsv7M4_T_le_v4SPD16_eabi.lib : i_tofd_t2.asm.obj (.text)
                  00014f0e    0000002c     msp432p4xx_driverlib.lib : pcm.o (.text:PCM_getCoreVoltageLevel)
                  00014f3a    0000002a                              : pcm.o (.text:PCM_getPowerMode)
                  00014f64    00000028                              : flash.o (.text:FlashCtl_setWaitState)
                  00014f8c    00000026     demo_sysctl.obj (.text)
                  00014fb2    00000002     --HOLE-- [fill = 0]
                  00014fb4    00000024     msp432p4xx_driverlib.lib : cs.o (.text:CS_clearInterruptFlag)
                  00014fd8    00000024                              : i2c.o (.text:I2C_masterSendMultiByteNext)
                  00014ffc    00000024                              : interrupt.o (.text:Interrupt_setPriority)
                  00015020    00000024                              : uart.o (.text:UART_transmitData)
                  00015044    00000020     LCDLib.obj (.text:LCD_SetCursor)
                  00015064    00000020     LCDLib.obj (.text:LCD_Write_Data_Only)
                  00015084    00000020     msp432p4xx_driverlib.lib : spi.o (.text:SPI_enableInterrupt)
                  000150a4    00000020                              : spi.o (.text:SPI_transmitData)
                  000150c4    0000001c     LCDLib.obj (.text:LCD_WriteReg)
                  000150e0    0000001c     rtsv7M4_T_le_v4SPD16_eabi.lib : memccpy.c.obj (.text:memccpy)
                  000150fc    0000001a     msp432p4xx_driverlib.lib : spi.o (.text:SPI_enableModule)
                  00015116    0000001a                              : spi.o (.text:SPI_receiveData)
                  00015130    0000001a     rtsv7M4_T_le_v4SPD16_eabi.lib : s_copysign.c.obj (.text:copysign)
                  0001514a    00000002     --HOLE-- [fill = 0]
                  0001514c    00000018     msp432p4xx_driverlib.lib : cs.o (.text:CS_getMCLK)
                  00015164    00000018                              : cs.o (.text:CS_getSMCLK)
                  0001517c    00000018                              : wdt_a.o (.text:WDT_A_clearTimer)
                  00015194    00000018                              : wdt_a.o (.text:WDT_A_holdTimer)
                  000151ac    00000018     rtsv7M4_T_le_v4SPD16_eabi.lib : snprintf.c.obj (.text:_outc)
                  000151c4    00000018                                   : ll_mul_t2.asm.obj (.text)
                  000151dc    00000016                                   : strchr.c.obj (.text:strchr)
                  000151f2    00000002     --HOLE-- [fill = 0]
                  000151f4    00000014     msp432p4xx_driverlib.lib : cs.o (.text:CS_setExternalClockSourceFrequency)
                  00015208    00000014                              : i2c.o (.text:I2C_isBusBusy)
                  0001521c    00000014                              : systick.o (.text:SysTick_enableInterrupt)
                  00015230    00000014     rtsv7M4_T_le_v4SPD16_eabi.lib : strlen.c.obj (.text:strlen)
                  00015244    00000012                                   : wcslen.c.obj (.text:wcslen)
                  00015256    00000010     msp432p4xx_driverlib.lib : i2c.o (.text:I2C_masterReceiveStart)
                  00015266    00000002     --HOLE-- [fill = 0]
                  00015268    00000010                              : sysctl.o (.text:SysCtl_disableNMISource)
                  00015278    00000010                              : sysctl.o (.text:SysCtl_enableNMISource)
                  00015288    0000000e     G8RTOS_CriticalSection.obj (.text)
                  00015296    0000000e     msp432p4xx_driverlib.lib : i2c.o (.text:I2C_clearInterruptFlag)
                  000152a4    0000000e                              : i2c.o (.text:I2C_disableInterrupt)
                  000152b2    0000000e     rtsv7M4_T_le_v4SPD16_eabi.lib : copy_decompress_none.c.obj (.text:decompress:none:__TI_decompress_none)
                  000152c0    0000000e     startup_msp432p401r_ccs.obj (.text)
                  000152ce    0000000c     msp432p4xx_driverlib.lib : spi.o (.text:EUSCI_A_SPI_enable)
                  000152da    0000000c                              : spi.o (.text:EUSCI_B_SPI_enable)
                  000152e6    0000000c                              : i2c.o (.text:I2C_disableModule)
                  000152f2    0000000c                              : i2c.o (.text:I2C_enableModule)
                  000152fe    00000002     --HOLE-- [fill = 0]
                  00015300    0000000c                              : pcm.o (.text:PCM_getPowerState)
                  0001530c    0000000c                              : sysctl.o (.text:SysCtl_getNMISourceStatus)
                  00015318    0000000c                              : uart.o (.text:UART_enableModule)
                  00015324    0000000c     rtsv7M4_T_le_v4SPD16_eabi.lib : copy_zero_init.c.obj (.text:decompress:ZI:__TI_zero_init)
                  00015330    0000000a     LCDLib.obj (.text:LCD_Write_Data_Start)
                  0001533a    00000008     msp432p4xx_driverlib.lib : spi.o (.text:EUSCI_A_SPI_enableInterrupt)
                  00015342    00000008                              : spi.o (.text:EUSCI_B_SPI_enableInterrupt)
                  0001534a    00000008                              : i2c.o (.text:I2C_enableInterrupt)
                  00015352    00000008                              : pcm.o (.text:PCM_setCoreVoltageLevel)
                  0001535a    00000008                              : pcm.o (.text:PCM_setPowerMode)
                  00015362    00000002     --HOLE-- [fill = 0]
                  00015364    00000008     rtsv7M4_T_le_v4SPD16_eabi.lib : errno.c.obj (.text:__aeabi_errno_addr)
                  0001536c    00000006     msp432p4xx_driverlib.lib : cs.o (.text:CS_startHFXT)
                  00015372    00000006                              : spi.o (.text:EUSCI_A_SPI_receiveData)
                  00015378    00000006                              : spi.o (.text:EUSCI_B_SPI_receiveData)
                  0001537e    00000006                              : i2c.o (.text:I2C_getEnabledInterruptStatus)
                  00015384    00000006                              : i2c.o (.text:I2C_getInterruptStatus)
                  0001538a    00000006                              : i2c.o (.text:I2C_masterReceiveMultiByteNext)
                  00015390    00000006     demo_sysctl.obj (.text:SysCtlDelay)
                  00015396    00000004     msp432p4xx_driverlib.lib : spi.o (.text:EUSCI_A_SPI_transmitData)
                  0001539a    00000004                              : spi.o (.text:EUSCI_B_SPI_transmitData)
                  0001539e    00000004                              : i2c.o (.text:I2C_setSlaveAddress)
                  000153a2    00000004     rtsv7M4_T_le_v4SPD16_eabi.lib : pre_init.c.obj (.text:_system_pre_init)
                  000153a6    00000004                                   : exit.c.obj (.text:abort:abort)

.const     0    000153ac    000007e2     
                  000153ac    000005f0     AsciiLib.obj (.const:AsciiLib)
                  0001599c    00000101     rtsv7M4_T_le_v4SPD16_eabi.lib : ctype.c.obj (.const:.string:_ctypes_)
                  00015a9d    00000003     bmi160.obj (.const:.string:INVALID_OFFSET)
                  00015aa0    00000050     msp432p4xx_driverlib.lib : interrupt.o (.const:g_pulRegs)
                  00015af0    00000040                              : interrupt.o (.const)
                  00015b30    00000024     BackChannelUart.obj (.const:backChannelUart115200Config)
                  00015b54    0000001c     LCDLib.obj (.const:$P$T0$1)
                  00015b70    0000000c     bmi160.obj (.const:yas532_version_ac_coef)
                  00015b7c    00000008     bmi160.obj (.const:v_calib_data$2)
                  00015b84    00000005     bme280_support.obj (.const:.string:$P$T0$1)
                  00015b89    00000005     bmi160.obj (.const:.string:v_correct_u8$1)

.cinit     0    00015b90    000000a8     
                  00015b90    00000082     (.cinit..data.load) [load image, compression = lzss]
                  00015c12    00000002     --HOLE-- [fill = 0]
                  00015c14    0000000c     (__TI_handler_table)
                  00015c20    00000008     (.cinit..bss.load) [load image, compression = zero_init]
                  00015c28    00000010     (__TI_cinit_table)

.init_array 
*          0    00000000    00000000     UNINITIALIZED

.binit     0    00000000    00000000     

.bss       0    20000000    0000d7e2     UNINITIALIZED
                  20000000    0000b800     G8RTOS_Scheduler.obj (.bss:threadStacks)
                  2000b800    00000f00     (.common:prevWalls)
                  2000c700    000003f4     G8RTOS_Scheduler.obj (.bss:threadControlBlocks)
                  2000caf4    0000036c     (.common:accel_fifo)
                  2000ce60    0000036c     (.common:gyro_fifo)
                  2000d1cc    0000036c     (.common:mag_fifo)
                  2000d538    00000100     BackChannelUart.obj (.bss:backChannelStringBuff)
                  2000d638    00000090     G8RTOS_Scheduler.obj (.bss:Pthread)
                  2000d6c8    00000070     bmi160.obj (.bss:yas532_data)
                  2000d738    0000003c     (.common:bme280)
                  2000d774    00000014     (.common:s_bmi160)
                  2000d788    00000010     bmi160.obj (.bss:mag_trim)
                  2000d798    0000000a     G8RTOS_Scheduler.obj (.bss)
                  2000d7a2    00000006     (.common:accelxyz)
                  2000d7a8    00000006     (.common:gyroxyz)
                  2000d7ae    00000002     tmp007.obj (.bss)
                  2000d7b0    00000004     bme280.obj (.bss)
                  2000d7b4    00000004     bmi160.obj (.bss)
                  2000d7b8    00000004     tmp007.obj (.bss:buf)
                  2000d7bc    00000004     (.common:ButtonFunction)
                  2000d7c0    00000004     (.common:CurrentlyRunningThread)
                  2000d7c4    00000004     (.common:LcdSemaphore)
                  2000d7c8    00000004     (.common:SystemTime)
                  2000d7cc    00000004     (.common:g_ui32ByteCount)
                  2000d7d0    00000004     (.common:hfxtFreq)
                  2000d7d4    00000004     (.common:lfxtFreq)
                  2000d7d8    00000004     (.common:pData)
                  2000d7dc    00000003     bmi160.obj (.bss:akm_asa_data)
                  2000d7df    00000001     (.common:FireFlag)
                  2000d7e0    00000001     (.common:ui8DummyRead)
                  2000d7e1    00000001     (.common:ui8Status)

.data      0    2000d7e8    00000d85     UNINITIALIZED
                  2000d7e8    00000900     Threads.obj (.data:worldMap)
                  2000e0e8    00000400     bmi160.obj (.data:v_fifo_data_u8)
                  2000e4e8    00000030     msp432p4xx_driverlib.lib : gpio.o (.data:GPIO_PORT_TO_BASE)
                  2000e518    00000030     Threads.obj (.data)
                  2000e548    00000014     i2c_driver.obj (.data:i2cConfig)
                  2000e55c    00000008     bmi160.obj (.data)
                  2000e564    00000004     rtsv7M4_T_le_v4SPD16_eabi.lib : errno.c.obj (.data)
                  2000e568    00000004     system_msp432p401r.obj (.data)
                  2000e56c    00000001     i2c_driver.obj (.data)

.stack     0    2000fe00    00000200     UNINITIALIZED
                  2000fe00    00000004     rtsv7M4_T_le_v4SPD16_eabi.lib : boot_cortex_m.c.obj (.stack)
                  2000fe04    000001fc     --HOLE--

__llvm_prf_cnts 
*          0    20000000    00000000     UNINITIALIZED

MODULE SUMMARY

       Module                        code    ro data   rw data
       ------                        ----    -------   -------
    .\
       system_msp432p401r.obj        820     0         8      
       startup_msp432p401r_ccs.obj   14      228       0      
    +--+-----------------------------+-------+---------+---------+
       Total:                        834     228       8      
                                                              
    .\BoardSupportPackage\src\
       bmi160.obj                    54752   28        7590   
       bme280.obj                    6160    0         8      
       bmi160_support.obj            3112    0         64     
       LCDLib.obj                    2142    28        0      
       AsciiLib.obj                  68      1520      0      
       BackChannelUart.obj           760     36        512    
       i2c_driver.obj                864     0         62     
       bme280_support.obj            736     5         120    
       tmp007.obj                    564     0         12     
       Joystick.obj                  376     0         8      
       RGBLeds.obj                   340     0         0      
       opt3001.obj                   254     0         0      
       ClockSys.obj                  132     0         0      
       BSP.obj                       52      0         0      
       demo_sysctl.obj               44      0         0      
    +--+-----------------------------+-------+---------+---------+
       Total:                        70356   1617      8376   
                                                              
    .\G8RTOS_Empty_Lab2\
       G8RTOS_Scheduler.obj          1780    0         96556  
       G8RTOS_Semaphores.obj         152     0         0      
       G8RTOS_SchedulerASM.obj       88      0         0      
       G8RTOS_CriticalSection.obj    14      0         0      
    +--+-----------------------------+-------+---------+---------+
       Total:                        2034    0         96556  
                                                              
    .\rc_src_control\
       Threads.obj                   2352    0         12394  
       main.obj                      96      0         0      
    +--+-----------------------------+-------+---------+---------+
       Total:                        2448    0         12394  
                                                              
    ../BoardSupportPackage/DriverLib/msp432p4xx_driverlib.lib
       cs.o                          1166    0         16     
       pcm.o                         510     0         0      
       interrupt.o                   236     144       0      
       spi.o                         360     0         0      
       i2c.o                         320     0         0      
       gpio.o                        148     0         96     
       uart.o                        196     0         0      
       sysctl.o                      124     0         0      
       wdt_a.o                       48      0         0      
       flash.o                       40      0         0      
       systick.o                     20      0         0      
    +--+-----------------------------+-------+---------+---------+
       Total:                        3168    144       112    
                                                              
    C:\ti\ccsv7\tools\compiler\ti-cgt-arm_19.6.0.STS\lib\rtsv7M4_T_le_v4SPD16_eabi.lib
       _printfi.c.obj                4851    0         0      
       fd_add_t2.asm.obj             438     0         0      
       fd_div_t2.asm.obj             310     0         0      
       s_scalbn.c.obj                272     0         0      
       fd_cmp_t2.asm.obj             268     0         0      
       ctype.c.obj                   0       257       0      
       fd_mul_t2.asm.obj             252     0         0      
       memcpy_t2.asm.obj             156     0         0      
       ull_div_t2.asm.obj            150     0         0      
       snprintf.c.obj                148     0         0      
       memset_t2.asm.obj             122     0         0      
       ll_div_t2.asm.obj             110     0         0      
       copy_decompress_lzss.c.obj    104     0         0      
       s_frexp.c.obj                 100     0         0      
       _ltoa.c.obj                   84      0         0      
       atoi.c.obj                    76      0         0      
       fd_toi_t2.asm.obj             72      0         0      
       autoinit.c.obj                68      0         0      
       boot_cortex_m.c.obj           52      0         0      
       i_tofd_t2.asm.obj             46      0         0      
       memccpy.c.obj                 28      0         0      
       s_copysign.c.obj              26      0         0      
       ll_mul_t2.asm.obj             24      0         0      
       strchr.c.obj                  22      0         0      
       strlen.c.obj                  20      0         0      
       wcslen.c.obj                  18      0         0      
       errno.c.obj                   8       0         8      
       copy_decompress_none.c.obj    14      0         0      
       copy_zero_init.c.obj          12      0         0      
       exit.c.obj                    4       0         0      
       pre_init.c.obj                4       0         0      
       div0.asm.obj                  2       0         0      
    +--+-----------------------------+-------+---------+---------+
       Total:                        7861    257       8      
                                                              
       Stack:                        0       0         1024   
       Linker Generated:             0       166       0      
    +--+-----------------------------+-------+---------+---------+
       Grand Total:                  86701   2412      118478 


LINKER GENERATED COPY TABLES

__TI_cinit_table @ 00015c28 records: 2, size/record: 8, table size: 16
	.data: load addr=00015b90, load size=00000082 bytes, run addr=2000d7e8, run size=00000d85 bytes, compression=lzss
	.bss: load addr=00015c20, load size=00000008 bytes, run addr=20000000, run size=0000d7e2 bytes, compression=zero_init


LINKER GENERATED HANDLER TABLE

__TI_handler_table @ 00015c14 records: 3, size/record: 4, table size: 12
	index: 0, handler: __TI_decompress_lzss
	index: 1, handler: __TI_decompress_none
	index: 2, handler: __TI_zero_init


GLOBAL SYMBOLS: SORTED ALPHABETICALLY BY Name 

address   name                                                  
-------   ----                                                  
000152cd  ADC14_IRQHandler                                      
000152cd  AES256_IRQHandler                                     
000126e5  BME280_I2C_bus_read                                   
000126b9  BME280_I2C_bus_write                                  
00012711  BME280_SPI_bus_read                                   
00012777  BME280_SPI_bus_write                                  
000127e7  BME280_delay_msek                                     
00014db5  BSP_InitBoard                                         
000122f1  BackChannelEventTrigger                               
0001226b  BackChannelInit                                       
00012309  BackChannelOpt3001PrintRaw                            
00012287  BackChannelPrint                                      
000122d3  BackChannelPrintIntVariable                           
0001234b  BackupChannelBmi160PrintAccel                         
00012377  BackupChannelBmi160PrintGyro                          
000123a3  BackupChannelBmi160PrintMag                           
00012325  BackupChannelTmp007PrintRaw                           
000152cd  BusFault_Handler                                      
2000d7bc  ButtonFunction                                        
00010e25  Button_ISR                                            
000153a7  C$$EXIT                                               
000152cd  COMP_E0_IRQHandler                                    
000152cd  COMP_E1_IRQHandler                                    
000152cd  CS_IRQHandler                                         
00014fb5  CS_clearInterruptFlag                                 
000137c5  CS_getDCOFrequency                                    
0001514d  CS_getMCLK                                            
00015165  CS_getSMCLK                                           
00013ac5  CS_initClockSignal                                    
000151f5  CS_setExternalClockSourceFrequency                    
0001536d  CS_startHFXT                                          
00013e89  CS_startHFXTWithTimeout                               
00014423  ClockSys_GetSysFreq                                   
000143b5  ClockSys_SetMaxFreq                                   
2000d7c0  CurrentlyRunningThread                                
000152cd  DMA_ERR_IRQHandler                                    
000152cd  DMA_INT0_IRQHandler                                   
000152cd  DMA_INT1_IRQHandler                                   
000152cd  DMA_INT2_IRQHandler                                   
000152cd  DMA_INT3_IRQHandler                                   
000152cd  DebugMon_Handler                                      
000152cd  Default_Handler                                       
00014f8d  DelayMs                                               
00013131  Disable_Joystick_Interrupt                            
000152cd  EUSCIA0_IRQHandler                                    
000152cd  EUSCIA1_IRQHandler                                    
000152cd  EUSCIA2_IRQHandler                                    
000152cd  EUSCIA3_IRQHandler                                    
000152cd  EUSCIB0_IRQHandler                                    
00011e51  EUSCIB1_IRQHandler                                    
00011e51  EUSCIB1_IRQHandler                                    
000152cd  EUSCIB2_IRQHandler                                    
000152cd  EUSCIB3_IRQHandler                                    
000152cf  EUSCI_A_SPI_enable                                    
0001533b  EUSCI_A_SPI_enableInterrupt                           
00015373  EUSCI_A_SPI_receiveData                               
00015397  EUSCI_A_SPI_transmitData                              
000152db  EUSCI_B_SPI_enable                                    
00015343  EUSCI_B_SPI_enableInterrupt                           
00015379  EUSCI_B_SPI_receiveData                               
0001539b  EUSCI_B_SPI_transmitData                              
00015291  EndCriticalSection                                    
000152cd  FLCTL_IRQHandler                                      
000152cd  FPU_IRQHandler                                        
2000d7df  FireFlag                                              
00010dc9  FireWeapon                                            
00014f65  FlashCtl_setWaitState                                 
0001135f  G8RTOS_AddAperiodicEvent                              
000112c1  G8RTOS_AddPeriodicEvent                               
00011141  G8RTOS_AddThread                                      
000113b1  G8RTOS_GetThreadId                                    
00011073  G8RTOS_Init                                           
0001405d  G8RTOS_InitSemaphore                                  
000114b9  G8RTOS_KillAll                                        
00011463  G8RTOS_KillSelf                                       
000113b9  G8RTOS_KillThread                                     
000110a7  G8RTOS_Launch                                         
00010f5d  G8RTOS_Scheduler                                      
000140ad  G8RTOS_SignalSemaphore                                
00014859  G8RTOS_Start                                          
00014077  G8RTOS_WaitSemaphore                                  
00014b29  GPIO_setAsPeripheralModuleFunctionInputPin            
000149f9  GPIO_setAsPeripheralModuleFunctionOutputPin           
00014c01  GetASCIICode                                          
00013147  GetJoystickCoordinates                                
000152cd  HardFault_Handler                                     
00015297  I2C_clearInterruptFlag                                
000152a5  I2C_disableInterrupt                                  
000152e7  I2C_disableModule                                     
0001534b  I2C_enableInterrupt                                   
000152f3  I2C_enableModule                                      
0001537f  I2C_getEnabledInterruptStatus                         
00015385  I2C_getInterruptStatus                                
00014cc9  I2C_initMaster                                        
00015209  I2C_isBusBusy                                         
0001538b  I2C_masterReceiveMultiByteNext                        
00015257  I2C_masterReceiveStart                                
00014fd9  I2C_masterSendMultiByteNext                           
00014d45  I2C_masterSendMultiByteStart                          
00014e51  I2C_masterSendMultiByteStop                           
00012687  I2C_routine                                           
0001539f  I2C_setSlaveAddress                                   
00010e23  Idle                                                  
00014669  Interrupt_disableInterrupt                            
000146cd  Interrupt_enableInterrupt                             
00014ffd  Interrupt_setPriority                                 
0001307d  Joystick_Init_Without_Interrupt                       
000130db  Joystick_Push_Button_Init_With_Interrupt              
000117d1  LCD_Clear                                             
00011671  LCD_DrawRectangle                                     
000118a1  LCD_Init                                              
00011aab  LCD_ReadPixelColor                                    
00015045  LCD_SetCursor                                         
00011847  LCD_SetPoint                                          
00011737  LCD_Text                                              
00014c89  LCD_WriteData                                         
00014de9  LCD_WriteIndex                                        
000150c5  LCD_WriteReg                                          
00015065  LCD_Write_Data_Only                                   
00015331  LCD_Write_Data_Start                                  
00014795  LCD_newReadData                                       
00013229  LP3943_LedModeSet                                     
2000d7c4  LcdSemaphore                                          
000152cd  MemManage_Handler                                     
000152cd  NMI_Handler                                           
000152cd  PCM_IRQHandler                                        
00014f0f  PCM_getCoreVoltageLevel                               
00014f3b  PCM_getPowerMode                                      
00015301  PCM_getPowerState                                     
00015353  PCM_setCoreVoltageLevel                               
0001535b  PCM_setPowerMode                                      
000152cd  PORT1_IRQHandler                                      
000152cd  PORT2_IRQHandler                                      
000152cd  PORT3_IRQHandler                                      
000152cd  PORT4_IRQHandler                                      
000152cd  PORT5_IRQHandler                                      
000152cd  PORT6_IRQHandler                                      
000152cd  PSS_IRQHandler                                        
00014883  PendSV_Handler                                        
00014883  PendSV_Handler                                        
00013de5  PutChar                                               
000152cd  RTC_C_IRQHandler                                      
00010b8d  ReadJoystick                                          
000152c1  Reset_Handler                                         
00014d7d  SPISendRecvByte                                       
00015085  SPI_enableInterrupt                                   
000150fd  SPI_enableModule                                      
00014221  SPI_initMaster                                        
00015117  SPI_receiveData                                       
000126a3  SPI_routine                                           
000150a5  SPI_transmitData                                      
000152cd  SVC_Handler                                           
00015289  StartCriticalSection                                  
00015391  SysCtlDelay                                           
00015269  SysCtl_disableNMISource                               
00015279  SysCtl_enableNMISource                                
0001530d  SysCtl_getNMISourceStatus                             
000149a9  SysCtl_getTLVInfo                                     
00010fc3  SysTick_Handler                                       
00010fc3  SysTick_Handler                                       
0001521d  SysTick_enableInterrupt                               
2000e568  SystemCoreClock                                       
00011f19  SystemCoreClockUpdate                                 
00012191  SystemInit                                            
2000d7c8  SystemTime                                            
000152cd  T32_INT1_IRQHandler                                   
000152cd  T32_INT2_IRQHandler                                   
000152cd  T32_INTC_IRQHandler                                   
000152cd  TA0_0_IRQHandler                                      
000152cd  TA0_N_IRQHandler                                      
000152cd  TA1_0_IRQHandler                                      
000152cd  TA1_N_IRQHandler                                      
000152cd  TA2_0_IRQHandler                                      
000152cd  TA2_N_IRQHandler                                      
000152cd  TA3_0_IRQHandler                                      
000152cd  TA3_N_IRQHandler                                      
00011ae3  TP_ReadX                                              
00011acd  TP_ReadXY                                             
00011b45  TP_ReadY                                              
00015319  UART_enableModule                                     
0001418d  UART_initModule                                       
00015021  UART_transmitData                                     
0001056f  UpdateScreen                                          
000152cd  UsageFault_Handler                                    
2000e55c  V_bmm150_maual_auto_condition_u8                      
2000e560  V_fifo_time_U32                                       
4000480c  WDTCTL_SYM                                            
000152cd  WDT_A_IRQHandler                                      
0001517d  WDT_A_clearTimer                                      
00015195  WDT_A_holdTimer                                       
20010000  __STACK_END                                           
00000200  __STACK_SIZE                                          
00015c28  __TI_CINIT_Base                                       
00015c38  __TI_CINIT_Limit                                      
00015c14  __TI_Handler_Table_Base                               
00015c20  __TI_Handler_Table_Limit                              
00014c45  __TI_auto_init_nobinit_nopinit                        
00014601  __TI_decompress_lzss                                  
000152b3  __TI_decompress_none                                  
00014903  __TI_ltoa                                             
ffffffff  __TI_pprof_out_hndl                                   
0000fafd  __TI_printfi                                          
ffffffff  __TI_prof_data_size                                   
ffffffff  __TI_prof_data_start                                  
00000000  __TI_static_base__                                    
00015325  __TI_zero_init                                        
000142a9  __aeabi_cdcmpeq                                       
000142a9  __aeabi_cdcmple                                       
0001432f  __aeabi_cdrcmple                                      
00014bb9  __aeabi_d2iz                                          
00012ea3  __aeabi_dadd                                          
00013459  __aeabi_ddiv                                          
000139c7  __aeabi_dmul                                          
00012e99  __aeabi_dsub                                          
00015365  __aeabi_errno_addr                                    
00014ee1  __aeabi_i2d                                           
0001054b  __aeabi_idiv0                                         
0001054b  __aeabi_ldiv0                                         
00014593  __aeabi_ldivmod                                       
000151c5  __aeabi_lmul                                          
00014439  __aeabi_memclr                                        
00014439  __aeabi_memclr4                                       
00014439  __aeabi_memclr8                                       
00013fc1  __aeabi_memcpy                                        
00013fc1  __aeabi_memcpy4                                       
00013fc1  __aeabi_memcpy8                                       
0001443b  __aeabi_memset                                        
0001443b  __aeabi_memset4                                       
0001443b  __aeabi_memset8                                       
000140f5  __aeabi_uldivmod                                      
ffffffff  __binit__                                             
ffffffff  __c_args__                                            
UNDEFED   __mpu_init                                            
2000fe00  __stack                                               
20000000  __start___llvm_prf_cnts                               
20000000  __stop___llvm_prf_cnts                                
00014e1d  _c_int00_noargs                                       
0001599c  _ctypes_                                              
UNDEFED   _system_post_cinit                                    
000153a3  _system_pre_init                                      
000153a7  abort                                                 
2000caf4  accel_fifo                                            
2000d7a2  accelxyz                                              
00014a91  atoi                                                  
ffffffff  binit                                                 
2000d738  bme280                                                
0000da03  bme280_compensate_humidity_int32                      
0000dab9  bme280_compensate_humidity_int32_sixteen_bit_output   
0000d87d  bme280_compensate_pressure_int32                      
0000ec41  bme280_compensate_pressure_int64                      
0000ee43  bme280_compensate_pressure_int64_twentyfour_bit_output
0000d77b  bme280_compensate_temperature_int32                   
0000d7f3  bme280_compensate_temperature_int32_sixteen_bit_output
0000ee5d  bme280_compute_wait_time                              
00012545  bme280_data_readout_template                          
0000dbd3  bme280_get_calib_param                                
0000e693  bme280_get_filter                                     
0000e9f7  bme280_get_forced_uncomp_pressure_temperature_humidity
0000e0ef  bme280_get_oversamp_humidity                          
0000df37  bme280_get_oversamp_pressure                          
0000dd75  bme280_get_oversamp_temperature                       
0000e2dd  bme280_get_power_mode                                 
0000e4e5  bme280_get_spi3                                       
0000e847  bme280_get_standby_durn                               
0000d6c5  bme280_init                                           
00012631  bme280_initialize_sensor                              
0000db73  bme280_read_pressure_temperature_humidity             
0000ebfb  bme280_read_register                                  
0000d9ad  bme280_read_uncomp_humidity                           
0000d81d  bme280_read_uncomp_pressure                           
0000dae1  bme280_read_uncomp_pressure_temperature_humidity      
0000d71b  bme280_read_uncomp_temperature                        
0000e6e3  bme280_set_filter                                     
0000e149  bme280_set_oversamp_humidity                          
0000df93  bme280_set_oversamp_pressure                          
0000ddd1  bme280_set_oversamp_temperature                       
0000e32b  bme280_set_power_mode                                 
0000e4a5  bme280_set_soft_rst                                   
0000e533  bme280_set_spi3                                       
0000e897  bme280_set_standby_durn                               
0000ebb5  bme280_write_register                                 
00007511  bmi160_accel_foc_trigger_xyz                          
0000ac11  bmi160_bmm150_mag_compensate_X                        
0000acbb  bmi160_bmm150_mag_compensate_Y                        
0000ad65  bmi160_bmm150_mag_compensate_Z                        
0000abb5  bmi160_bmm150_mag_compensate_xyz                      
0000ae05  bmi160_bmm150_mag_interface_init                      
0000b2a7  bmi160_bmm150_mag_set_power_mode                      
0000b0b1  bmi160_bmm150_mag_wakeup                              
0000c00d  bmi160_bst_akm_compensate_X                           
0000c03f  bmi160_bst_akm_compensate_Y                           
0000c071  bmi160_bst_akm_compensate_Z                           
0000c0a3  bmi160_bst_akm_compensate_xyz                         
0000bc05  bmi160_bst_akm_mag_interface_init                     
0000c0f1  bmi160_bst_akm_set_powermode                          
0000caa1  bmi160_bst_yamaha_yas532_calib_values                 
0000c47b  bmi160_bst_yamaha_yas532_mag_interface_init           
0000d4e1  bmi160_bst_yas532_acquisition_command_register        
0000c911  bmi160_bst_yas532_magnetic_measure_set_offset         
0000d069  bmi160_bst_yas532_measurement_xyz_data                
0000cef5  bmi160_bst_yas532_normal_measurement_data             
0000c7b1  bmi160_bst_yas532_set_initial_values                  
0000d5a5  bmi160_bst_yas532_set_offset                          
0000ce59  bmi160_bst_yas532_xy1y2_to_linear                     
000095c1  bmi160_clear_step_counter                             
0000ef11  bmi160_config_running_mode                            
0000fac1  bmi160_delay_ms                                       
00001805  bmi160_fifo_data                                      
000017a5  bmi160_fifo_length                                    
0000191d  bmi160_get_accel_bw                                   
00000e21  bmi160_get_accel_data_rdy                             
000021f7  bmi160_get_accel_fifo_filter_data                     
000086ab  bmi160_get_accel_offset_compensation_xaxis            
00008791  bmi160_get_accel_offset_compensation_yaxis            
0000887b  bmi160_get_accel_offset_compensation_zaxis            
00008edb  bmi160_get_accel_offset_enable                        
0000183f  bmi160_get_accel_output_data_rate                     
00000481  bmi160_get_accel_power_mode_stat                      
00001ad9  bmi160_get_accel_range                                
0000829d  bmi160_get_accel_selftest_amp                         
000080e7  bmi160_get_accel_selftest_axis                        
000081bf  bmi160_get_accel_selftest_sign                        
000019ff  bmi160_get_accel_under_sampling_parameter             
00000d85  bmi160_get_data_rdy_mag                               
000002b5  bmi160_get_drop_cmd_err                               
00000219  bmi160_get_err_code                                   
00000351  bmi160_get_error_status                               
000001cd  bmi160_get_fatal_err                                  
000028a5  bmi160_get_fifo_accel_enable                          
0000212f  bmi160_get_fifo_down_accel                            
00001f87  bmi160_get_fifo_down_gyro                             
00002985  bmi160_get_fifo_gyro_enable                           
000026f1  bmi160_get_fifo_header_enable                         
000027cb  bmi160_get_fifo_mag_enable                            
0000235f  bmi160_get_fifo_stop_on_full                          
000025ff  bmi160_get_fifo_tag_intr1_enable                      
00002511  bmi160_get_fifo_tag_intr2_enable                      
00002437  bmi160_get_fifo_time_enable                           
000022d1  bmi160_get_fifo_wm                                    
000070db  bmi160_get_foc_accel_x                                
00007001  bmi160_get_foc_accel_y                                
00006f3b  bmi160_get_foc_accel_z                                
0000775b  bmi160_get_foc_gyro_enable                            
00000ce5  bmi160_get_foc_rdy                                    
00001ce5  bmi160_get_gyro_bw                                    
00000dd3  bmi160_get_gyro_data_rdy                              
00002055  bmi160_get_gyro_fifo_filter_data                      
00008961  bmi160_get_gyro_offset_compensation_xaxis             
00008b31  bmi160_get_gyro_offset_compensation_yaxis             
00008d09  bmi160_get_gyro_offset_compensation_zaxis             
00008fab  bmi160_get_gyro_offset_enable                         
00001bc9  bmi160_get_gyro_output_data_rate                      
00000433  bmi160_get_gyro_power_mode_stat                       
00001dbf  bmi160_get_gyro_range                                 
00000c49  bmi160_get_gyro_selftest                              
00008377  bmi160_get_gyro_selftest_start                        
00007f33  bmi160_get_gyro_sleep_state                           
00007d7b  bmi160_get_gyro_sleep_trigger                         
0000800d  bmi160_get_gyro_wakeup_intr                           
00007e53  bmi160_get_gyro_wakeup_trigger                        
00002a5f  bmi160_get_i2c_device_addr                            
00000267  bmi160_get_i2c_fail_err                               
00007bc7  bmi160_get_i2c_wdt_enable                             
00007ae7  bmi160_get_i2c_wdt_select                             
00007ca1  bmi160_get_if_mode                                    
000041f3  bmi160_get_input_enable                               
000046ed  bmi160_get_intr_any_motion                            
00005dbf  bmi160_get_intr_any_motion_durn                       
00005f53  bmi160_get_intr_any_motion_thres                      
00005519  bmi160_get_intr_data_rdy                              
00004a31  bmi160_get_intr_double_tap                            
00003ae5  bmi160_get_intr_edge_ctrl                             
00002f23  bmi160_get_intr_enable_0                              
00003393  bmi160_get_intr_enable_1                              
000037fb  bmi160_get_intr_enable_2                              
000051fd  bmi160_get_intr_fifo_full                             
00005389  bmi160_get_intr_fifo_wm                               
00004ee1  bmi160_get_intr_flat                                  
00006d83  bmi160_get_intr_flat_hold                             
00006e63  bmi160_get_intr_flat_hyst                             
00006cab  bmi160_get_intr_flat_theta                            
00004561  bmi160_get_intr_high_g                                
00005cb3  bmi160_get_intr_high_g_durn                           
00005beb  bmi160_get_intr_high_g_hyst                           
00005d39  bmi160_get_intr_high_g_thres                          
00003c6d  bmi160_get_intr_level                                 
0000437f  bmi160_get_intr_low_g                                 
00005937  bmi160_get_intr_low_g_durn                            
00005a43  bmi160_get_intr_low_g_hyst                            
00005b11  bmi160_get_intr_low_g_mode                            
000059bd  bmi160_get_intr_low_g_thres                           
0000577f  bmi160_get_intr_low_high_source                       
0000585d  bmi160_get_intr_motion_source                         
000048a5  bmi160_get_intr_nomotion                              
00004d4f  bmi160_get_intr_orient                                
00006bd1  bmi160_get_intr_orient_axes_enable                    
00006879  bmi160_get_intr_orient_blocking                       
00006953  bmi160_get_intr_orient_hyst                           
0000679b  bmi160_get_intr_orient_mode                           
00006a1b  bmi160_get_intr_orient_theta                          
00006af3  bmi160_get_intr_orient_ud_enable                      
00003dff  bmi160_get_intr_output_type                           
0000506d  bmi160_get_intr_pmu_trig                              
000062f1  bmi160_get_intr_significant_motion_proof              
0000613d  bmi160_get_intr_significant_motion_select             
00006217  bmi160_get_intr_significant_motion_skip               
00004bc3  bmi160_get_intr_single_tap                            
00005e8b  bmi160_get_intr_slow_no_motion_durn                   
0000605f  bmi160_get_intr_slow_no_motion_select                 
00005fd9  bmi160_get_intr_slow_no_motion_thres                  
000063cb  bmi160_get_intr_tap_durn                              
000065fb  bmi160_get_intr_tap_quiet                             
00006521  bmi160_get_intr_tap_shock                             
000056a5  bmi160_get_intr_tap_source                            
000066d5  bmi160_get_intr_tap_thres                             
0000411b  bmi160_get_latch_intr                                 
00002b27  bmi160_get_mag_burst                                  
00000303  bmi160_get_mag_dada_rdy_err                           
00002cb9  bmi160_get_mag_manual_enable                          
00000c97  bmi160_get_mag_manual_operation_stat                  
00002bed  bmi160_get_mag_offset                                 
00001e97  bmi160_get_mag_output_data_rate                       
000003e1  bmi160_get_mag_power_mode_stat                        
00002d91  bmi160_get_mag_read_addr                              
00002e17  bmi160_get_mag_write_addr                             
00002e9d  bmi160_get_mag_write_data                             
000085e3  bmi160_get_nvm_counter                                
00007935  bmi160_get_nvm_prog_enable                            
00000d33  bmi160_get_nvm_rdy                                    
00003f8b  bmi160_get_output_enable                              
00009701  bmi160_get_paging_enable                              
0000d6ab  bmi160_get_ptr                                        
000097db  bmi160_get_pullup_configuration                       
00000bed  bmi160_get_sensor_time                                
00008517  bmi160_get_spare0_trim                                
00007a0f  bmi160_get_spi3                                       
00008451  bmi160_get_spi_enable                                 
00000f09  bmi160_get_stat0_any_motion_intr                      
00000fa5  bmi160_get_stat0_double_tap_intr                      
00001095  bmi160_get_stat0_flat_intr                            
00001041  bmi160_get_stat0_orient_intr                          
00000f57  bmi160_get_stat0_pmu_trigger_intr                     
00000ebb  bmi160_get_stat0_significant_intr                     
00000ff3  bmi160_get_stat0_single_tap_intr                      
00000e6f  bmi160_get_stat0_step_intr                            
0000117f  bmi160_get_stat1_data_rdy_intr                        
000011cd  bmi160_get_stat1_fifo_full_intr                       
0000121b  bmi160_get_stat1_fifo_wm_intr                         
000010e3  bmi160_get_stat1_high_g_intr                          
00001131  bmi160_get_stat1_low_g_intr                           
00001269  bmi160_get_stat1_nomotion_intr                        
000012b7  bmi160_get_stat2_any_motion_first_x                   
00001303  bmi160_get_stat2_any_motion_first_y                   
00001351  bmi160_get_stat2_any_motion_first_z                   
000013a5  bmi160_get_stat2_any_motion_sign                      
000013f3  bmi160_get_stat2_tap_first_x                          
00001441  bmi160_get_stat2_tap_first_y                          
0000148f  bmi160_get_stat2_tap_first_z                          
000014dd  bmi160_get_stat2_tap_sign                             
00001703  bmi160_get_stat3_flat                                 
0000152b  bmi160_get_stat3_high_g_first_x                       
00001577  bmi160_get_stat3_high_g_first_y                       
000015c5  bmi160_get_stat3_high_g_first_z                       
00001613  bmi160_get_stat3_high_g_sign                          
00001661  bmi160_get_stat3_orient_xy                            
000016b5  bmi160_get_stat3_orient_z                             
000090c7  bmi160_get_step_config                                
00009299  bmi160_get_step_counter_enable                        
00003a15  bmi160_get_step_detector_enable                       
00009627  bmi160_get_target_page                                
00001751  bmi160_get_temp                                       
0000fa27  bmi160_i2c_burst_read                                 
0000f9fb  bmi160_i2c_bus_read                                   
0000fa59  bmi160_i2c_bus_write                                  
000000e5  bmi160_init                                           
0000eed5  bmi160_initialize_sensor                              
0000f949  bmi160_interrupt_configuration                        
000093f1  bmi160_map_significant_motion_intr                    
000094d9  bmi160_map_step_detector_intr                         
00000a7d  bmi160_read_accel_x                                   
00000b79  bmi160_read_accel_xyz                                 
00000ad1  bmi160_read_accel_y                                   
00000b25  bmi160_read_accel_z                                   
0000b761  bmi160_read_bmm150_mag_trim                           
0000bf25  bmi160_read_bst_akm_sensitivity_data                  
000098b9  bmi160_read_fifo_header_data                          
0000a289  bmi160_read_fifo_headerless_mode                      
00000909  bmi160_read_gyro_x                                    
00000a05  bmi160_read_gyro_xyz                                  
0000095d  bmi160_read_gyro_y                                    
000009b1  bmi160_read_gyro_z                                    
000006d9  bmi160_read_mag_r                                     
000004cf  bmi160_read_mag_x                                     
00000743  bmi160_read_mag_xyz                                   
0000084d  bmi160_read_mag_xyzr                                  
0000057d  bmi160_read_mag_y                                     
0000062b  bmi160_read_mag_z                                     
00000189  bmi160_read_reg                                       
00009073  bmi160_read_step_count                                
0000196b  bmi160_set_accel_bw                                   
00002245  bmi160_set_accel_fifo_filter_data                     
000071b9  bmi160_set_accel_foc_trigger                          
000086f7  bmi160_set_accel_offset_compensation_xaxis            
000087dd  bmi160_set_accel_offset_compensation_yaxis            
000088c7  bmi160_set_accel_offset_compensation_zaxis            
00008f29  bmi160_set_accel_offset_enable                        
0000188b  bmi160_set_accel_output_data_rate                     
00001b25  bmi160_set_accel_range                                
000082eb  bmi160_set_accel_selftest_amp                         
00008133  bmi160_set_accel_selftest_axis                        
00008211  bmi160_set_accel_selftest_sign                        
00001a4d  bmi160_set_accel_under_sampling_parameter             
0000b181  bmi160_set_bmm150_mag_and_secondary_if_power_mode     
0000b405  bmi160_set_bmm150_mag_presetmode                      
0000c315  bmi160_set_bst_akm_and_secondary_if_powermode         
000095ed  bmi160_set_command_register                           
000028f3  bmi160_set_fifo_accel_enable                          
0000217d  bmi160_set_fifo_down_accel                            
00001fd3  bmi160_set_fifo_down_gyro                             
000029d3  bmi160_set_fifo_gyro_enable                           
0000273f  bmi160_set_fifo_header_enable                         
00002819  bmi160_set_fifo_mag_enable                            
000023ab  bmi160_set_fifo_stop_on_full                          
00002651  bmi160_set_fifo_tag_intr1_enable                      
0000255f  bmi160_set_fifo_tag_intr2_enable                      
00002485  bmi160_set_fifo_time_enable                           
00002325  bmi160_set_fifo_wm                                    
00007129  bmi160_set_foc_accel_x                                
0000704f  bmi160_set_foc_accel_y                                
00006f87  bmi160_set_foc_accel_z                                
000077a9  bmi160_set_foc_gyro_enable                            
00001d33  bmi160_set_gyro_bw                                    
000020a3  bmi160_set_gyro_fifo_filter_data                      
00008a15  bmi160_set_gyro_offset_compensation_xaxis             
00008bed  bmi160_set_gyro_offset_compensation_yaxis             
00008dbf  bmi160_set_gyro_offset_compensation_zaxis             
00008ff9  bmi160_set_gyro_offset_enable                         
00001c15  bmi160_set_gyro_output_data_rate                      
00001e0b  bmi160_set_gyro_range                                 
000083c5  bmi160_set_gyro_selftest_start                        
00007f81  bmi160_set_gyro_sleep_state                           
00007dc7  bmi160_set_gyro_sleep_trigger                         
0000805b  bmi160_set_gyro_wakeup_intr                           
00007ea1  bmi160_set_gyro_wakeup_trigger                        
00002aad  bmi160_set_i2c_device_addr                            
00007c15  bmi160_set_i2c_wdt_enable                             
00007b35  bmi160_set_i2c_wdt_select                             
00007cef  bmi160_set_if_mode                                    
0000428d  bmi160_set_input_enable                               
00004787  bmi160_set_intr_any_motion                            
00005e0b  bmi160_set_intr_any_motion_durn                       
00005f9f  bmi160_set_intr_any_motion_thres                      
000055b3  bmi160_set_intr_data_rdy                              
00004acb  bmi160_set_intr_double_tap                            
00003b7b  bmi160_set_intr_edge_ctrl                             
000030b9  bmi160_set_intr_enable_0                              
00003521  bmi160_set_intr_enable_1                              
000038c3  bmi160_set_intr_enable_2                              
00005297  bmi160_set_intr_fifo_full                             
00005423  bmi160_set_intr_fifo_wm                               
00004f7b  bmi160_set_intr_flat                                  
00006dd1  bmi160_set_intr_flat_hold                             
00006eaf  bmi160_set_intr_flat_hyst                             
00006cf7  bmi160_set_intr_flat_theta                            
000045fb  bmi160_set_intr_high_g                                
00005cff  bmi160_set_intr_high_g_durn                           
00005c39  bmi160_set_intr_high_g_hyst                           
00005d85  bmi160_set_intr_high_g_thres                          
00003d07  bmi160_set_intr_level                                 
00004413  bmi160_set_intr_low_g                                 
00005983  bmi160_set_intr_low_g_durn                            
00005a8f  bmi160_set_intr_low_g_hyst                            
00005b5f  bmi160_set_intr_low_g_mode                            
00005a09  bmi160_set_intr_low_g_thres                           
000057d1  bmi160_set_intr_low_high_source                       
000058ab  bmi160_set_intr_motion_source                         
0000493f  bmi160_set_intr_nomotion                              
00004de9  bmi160_set_intr_orient                                
00006c1f  bmi160_set_intr_orient_axes_enable                    
000068c7  bmi160_set_intr_orient_blocking                       
000069a1  bmi160_set_intr_orient_hyst                           
000067ed  bmi160_set_intr_orient_mode                           
00006a67  bmi160_set_intr_orient_theta                          
00006b45  bmi160_set_intr_orient_ud_enable                      
00003e99  bmi160_set_intr_output_type                           
00005103  bmi160_set_intr_pmu_trig                              
0000633f  bmi160_set_intr_significant_motion_proof              
0000618b  bmi160_set_intr_significant_motion_select             
00006265  bmi160_set_intr_significant_motion_skip               
00004c5d  bmi160_set_intr_single_tap                            
00005ed9  bmi160_set_intr_slow_no_motion_durn                   
000060ab  bmi160_set_intr_slow_no_motion_select                 
00006025  bmi160_set_intr_slow_no_motion_thres                  
00006417  bmi160_set_intr_tap_durn                              
00006649  bmi160_set_intr_tap_quiet                             
0000656f  bmi160_set_intr_tap_shock                             
000056f3  bmi160_set_intr_tap_source                            
00006721  bmi160_set_intr_tap_thres                             
00004167  bmi160_set_latch_intr                                 
00002b73  bmi160_set_mag_burst                                  
00002d07  bmi160_set_mag_manual_enable                          
00002c3b  bmi160_set_mag_offset                                 
00001ee3  bmi160_set_mag_output_data_rate                       
00002ddd  bmi160_set_mag_read_addr                              
00002e63  bmi160_set_mag_write_addr                             
00002ee9  bmi160_set_mag_write_data                             
00008631  bmi160_set_nvm_counter                                
00007983  bmi160_set_nvm_prog_enable                            
00004025  bmi160_set_output_enable                              
0000974f  bmi160_set_paging_enable                              
00009829  bmi160_set_pullup_configuration                       
00008569  bmi160_set_spare0_trim                                
00007a5b  bmi160_set_spi3                                       
0000849d  bmi160_set_spi_enable                                 
00009185  bmi160_set_step_config                                
000092e7  bmi160_set_step_counter_enable                        
00003a6b  bmi160_set_step_detector_enable                       
00009373  bmi160_set_step_mode                                  
00009675  bmi160_set_target_page                                
0000fa85  bmi160_spi_bus_read                                   
0000faa3  bmi160_spi_bus_write                                  
00000145  bmi160_write_reg                                      
2000e56c  burstMode                                             
00015131  copysign                                              
00015131  copysignl                                             
2000e528  dirX                                                  
2000e530  dirY                                                  
2000e564  errno                                                 
00014731  frexp                                                 
00014731  frexpl                                                
2000d7cc  g_ui32ByteCount                                       
2000ce60  gyro_fifo                                             
2000d7a8  gyroxyz                                               
2000e548  i2cConfig                                             
0000f9c3  i2c_routine                                           
00011bf7  initI2C                                               
000131c9  init_RGBLEDS                                          
00000000  interruptVectors                                      
000136b5  ldexp                                                 
000136b5  ldexpl                                                
2000d1cc  mag_fifo                                              
000147f5  main                                                  
000150e1  memccpy                                               
00013fc1  memcpy                                                
00014441  memset                                                
2000d7d8  pData                                                 
2000e538  planeX                                                
2000e540  planeY                                                
2000e518  posX                                                  
2000e520  posY                                                  
2000b800  prevWalls                                             
00011d79  readBurstI2C                                          
00011cab  readI2C                                               
2000d774  s_bmi160                                              
000136b5  scalbn                                                
000136b5  scalbnl                                               
000138d5  sensorOpt3001Enable                                   
000138c9  sensorOpt3001Init                                     
00013901  sensorOpt3001Read                                     
00013965  sensorOpt3001Test                                     
00012a9f  sensorTmp007Enable                                    
00012b09  sensorTmp007EnableInterruptConversion                 
00012a95  sensorTmp007Init                                      
00012b53  sensorTmp007Read                                      
00012c11  sensorTmp007Test                                      
0001151b  sleep                                                 
00014add  snprintf                                              
0000f9e5  spi_routine                                           
000151dd  strchr                                                
00015231  strlen                                                
2000d7e0  ui8DummyRead                                          
2000d7e1  ui8Status                                             
2000e0e8  v_fifo_data_u8                                        
00015245  wcslen                                                
2000d7e8  worldMap                                              
00011c15  writeI2C                                              
0001153b  yield                                                 


GLOBAL SYMBOLS: SORTED BY Symbol Address 

address   name                                                  
-------   ----                                                  
00000000  __TI_static_base__                                    
00000000  interruptVectors                                      
000000e5  bmi160_init                                           
00000145  bmi160_write_reg                                      
00000189  bmi160_read_reg                                       
000001cd  bmi160_get_fatal_err                                  
00000200  __STACK_SIZE                                          
00000219  bmi160_get_err_code                                   
00000267  bmi160_get_i2c_fail_err                               
000002b5  bmi160_get_drop_cmd_err                               
00000303  bmi160_get_mag_dada_rdy_err                           
00000351  bmi160_get_error_status                               
000003e1  bmi160_get_mag_power_mode_stat                        
00000433  bmi160_get_gyro_power_mode_stat                       
00000481  bmi160_get_accel_power_mode_stat                      
000004cf  bmi160_read_mag_x                                     
0000057d  bmi160_read_mag_y                                     
0000062b  bmi160_read_mag_z                                     
000006d9  bmi160_read_mag_r                                     
00000743  bmi160_read_mag_xyz                                   
0000084d  bmi160_read_mag_xyzr                                  
00000909  bmi160_read_gyro_x                                    
0000095d  bmi160_read_gyro_y                                    
000009b1  bmi160_read_gyro_z                                    
00000a05  bmi160_read_gyro_xyz                                  
00000a7d  bmi160_read_accel_x                                   
00000ad1  bmi160_read_accel_y                                   
00000b25  bmi160_read_accel_z                                   
00000b79  bmi160_read_accel_xyz                                 
00000bed  bmi160_get_sensor_time                                
00000c49  bmi160_get_gyro_selftest                              
00000c97  bmi160_get_mag_manual_operation_stat                  
00000ce5  bmi160_get_foc_rdy                                    
00000d33  bmi160_get_nvm_rdy                                    
00000d85  bmi160_get_data_rdy_mag                               
00000dd3  bmi160_get_gyro_data_rdy                              
00000e21  bmi160_get_accel_data_rdy                             
00000e6f  bmi160_get_stat0_step_intr                            
00000ebb  bmi160_get_stat0_significant_intr                     
00000f09  bmi160_get_stat0_any_motion_intr                      
00000f57  bmi160_get_stat0_pmu_trigger_intr                     
00000fa5  bmi160_get_stat0_double_tap_intr                      
00000ff3  bmi160_get_stat0_single_tap_intr                      
00001041  bmi160_get_stat0_orient_intr                          
00001095  bmi160_get_stat0_flat_intr                            
000010e3  bmi160_get_stat1_high_g_intr                          
00001131  bmi160_get_stat1_low_g_intr                           
0000117f  bmi160_get_stat1_data_rdy_intr                        
000011cd  bmi160_get_stat1_fifo_full_intr                       
0000121b  bmi160_get_stat1_fifo_wm_intr                         
00001269  bmi160_get_stat1_nomotion_intr                        
000012b7  bmi160_get_stat2_any_motion_first_x                   
00001303  bmi160_get_stat2_any_motion_first_y                   
00001351  bmi160_get_stat2_any_motion_first_z                   
000013a5  bmi160_get_stat2_any_motion_sign                      
000013f3  bmi160_get_stat2_tap_first_x                          
00001441  bmi160_get_stat2_tap_first_y                          
0000148f  bmi160_get_stat2_tap_first_z                          
000014dd  bmi160_get_stat2_tap_sign                             
0000152b  bmi160_get_stat3_high_g_first_x                       
00001577  bmi160_get_stat3_high_g_first_y                       
000015c5  bmi160_get_stat3_high_g_first_z                       
00001613  bmi160_get_stat3_high_g_sign                          
00001661  bmi160_get_stat3_orient_xy                            
000016b5  bmi160_get_stat3_orient_z                             
00001703  bmi160_get_stat3_flat                                 
00001751  bmi160_get_temp                                       
000017a5  bmi160_fifo_length                                    
00001805  bmi160_fifo_data                                      
0000183f  bmi160_get_accel_output_data_rate                     
0000188b  bmi160_set_accel_output_data_rate                     
0000191d  bmi160_get_accel_bw                                   
0000196b  bmi160_set_accel_bw                                   
000019ff  bmi160_get_accel_under_sampling_parameter             
00001a4d  bmi160_set_accel_under_sampling_parameter             
00001ad9  bmi160_get_accel_range                                
00001b25  bmi160_set_accel_range                                
00001bc9  bmi160_get_gyro_output_data_rate                      
00001c15  bmi160_set_gyro_output_data_rate                      
00001ce5  bmi160_get_gyro_bw                                    
00001d33  bmi160_set_gyro_bw                                    
00001dbf  bmi160_get_gyro_range                                 
00001e0b  bmi160_set_gyro_range                                 
00001e97  bmi160_get_mag_output_data_rate                       
00001ee3  bmi160_set_mag_output_data_rate                       
00001f87  bmi160_get_fifo_down_gyro                             
00001fd3  bmi160_set_fifo_down_gyro                             
00002055  bmi160_get_gyro_fifo_filter_data                      
000020a3  bmi160_set_gyro_fifo_filter_data                      
0000212f  bmi160_get_fifo_down_accel                            
0000217d  bmi160_set_fifo_down_accel                            
000021f7  bmi160_get_accel_fifo_filter_data                     
00002245  bmi160_set_accel_fifo_filter_data                     
000022d1  bmi160_get_fifo_wm                                    
00002325  bmi160_set_fifo_wm                                    
0000235f  bmi160_get_fifo_stop_on_full                          
000023ab  bmi160_set_fifo_stop_on_full                          
00002437  bmi160_get_fifo_time_enable                           
00002485  bmi160_set_fifo_time_enable                           
00002511  bmi160_get_fifo_tag_intr2_enable                      
0000255f  bmi160_set_fifo_tag_intr2_enable                      
000025ff  bmi160_get_fifo_tag_intr1_enable                      
00002651  bmi160_set_fifo_tag_intr1_enable                      
000026f1  bmi160_get_fifo_header_enable                         
0000273f  bmi160_set_fifo_header_enable                         
000027cb  bmi160_get_fifo_mag_enable                            
00002819  bmi160_set_fifo_mag_enable                            
000028a5  bmi160_get_fifo_accel_enable                          
000028f3  bmi160_set_fifo_accel_enable                          
00002985  bmi160_get_fifo_gyro_enable                           
000029d3  bmi160_set_fifo_gyro_enable                           
00002a5f  bmi160_get_i2c_device_addr                            
00002aad  bmi160_set_i2c_device_addr                            
00002b27  bmi160_get_mag_burst                                  
00002b73  bmi160_set_mag_burst                                  
00002bed  bmi160_get_mag_offset                                 
00002c3b  bmi160_set_mag_offset                                 
00002cb9  bmi160_get_mag_manual_enable                          
00002d07  bmi160_set_mag_manual_enable                          
00002d91  bmi160_get_mag_read_addr                              
00002ddd  bmi160_set_mag_read_addr                              
[...]
0000f949  bmi160_interrupt_configuration                        
0000f9c3  i2c_routine                                           
0000f9e5  spi_routine                                           
0000f9fb  bmi160_i2c_bus_read                                   
0000fa27  bmi160_i2c_burst_read                                 
0000fa59  bmi160_i2c_bus_write                                  
0000fa85  bmi160_spi_bus_read                                   
0000faa3  bmi160_spi_bus_write                                  
0000fac1  bmi160_delay_ms                                       
0000fafd  __TI_printfi                                          
0001054b  __aeabi_idiv0                                         
0001054b  __aeabi_ldiv0                                         
0001056f  UpdateScreen                                          
00010b8d  ReadJoystick                                          
00010dc9  FireWeapon                                            
00010e23  Idle                                                  
00010e25  Button_ISR                                            
00010f5d  G8RTOS_Scheduler                                      
00010fc3  SysTick_Handler                                       
00010fc3  SysTick_Handler                                       
00011073  G8RTOS_Init                                           
000110a7  G8RTOS_Launch                                         
00011141  G8RTOS_AddThread                                      
000112c1  G8RTOS_AddPeriodicEvent                               
0001135f  G8RTOS_AddAperiodicEvent                              
000113b1  G8RTOS_GetThreadId                                    
000113b9  G8RTOS_KillThread                                     
00011463  G8RTOS_KillSelf                                       
000114b9  G8RTOS_KillAll                                        
0001151b  sleep                                                 
0001153b  yield                                                 
00011671  LCD_DrawRectangle                                     
00011737  LCD_Text                                              
000117d1  LCD_Clear                                             
00011847  LCD_SetPoint                                          
000118a1  LCD_Init                                              
00011aab  LCD_ReadPixelColor                                    
00011acd  TP_ReadXY                                             
00011ae3  TP_ReadX                                              
00011b45  TP_ReadY                                              
00011bf7  initI2C                                               
00011c15  writeI2C                                              
00011cab  readI2C                                               
00011d79  readBurstI2C                                          
00011e51  EUSCIB1_IRQHandler                                    
00011e51  EUSCIB1_IRQHandler                                    
00011f19  SystemCoreClockUpdate                                 
00012191  SystemInit                                            
0001226b  BackChannelInit                                       
00012287  BackChannelPrint                                      
000122d3  BackChannelPrintIntVariable                           
000122f1  BackChannelEventTrigger                               
00012309  BackChannelOpt3001PrintRaw                            
00012325  BackupChannelTmp007PrintRaw                           
0001234b  BackupChannelBmi160PrintAccel                         
00012377  BackupChannelBmi160PrintGyro                          
000123a3  BackupChannelBmi160PrintMag                           
00012545  bme280_data_readout_template                          
00012631  bme280_initialize_sensor                              
00012687  I2C_routine                                           
000126a3  SPI_routine                                           
000126b9  BME280_I2C_bus_write                                  
000126e5  BME280_I2C_bus_read                                   
00012711  BME280_SPI_bus_read                                   
00012777  BME280_SPI_bus_write                                  
000127e7  BME280_delay_msek                                     
00012a95  sensorTmp007Init                                      
00012a9f  sensorTmp007Enable                                    
00012b09  sensorTmp007EnableInterruptConversion                 
00012b53  sensorTmp007Read                                      
00012c11  sensorTmp007Test                                      
00012e99  __aeabi_dsub                                          
00012ea3  __aeabi_dadd                                          
0001307d  Joystick_Init_Without_Interrupt                       
000130db  Joystick_Push_Button_Init_With_Interrupt              
00013131  Disable_Joystick_Interrupt                            
00013147  GetJoystickCoordinates                                
000131c9  init_RGBLEDS                                          
00013229  LP3943_LedModeSet                                     
00013459  __aeabi_ddiv                                          
000136b5  ldexp                                                 
000136b5  ldexpl                                                
000136b5  scalbn                                                
000136b5  scalbnl                                               
000137c5  CS_getDCOFrequency                                    
000138c9  sensorOpt3001Init                                     
000138d5  sensorOpt3001Enable                                   
00013901  sensorOpt3001Read                                     
00013965  sensorOpt3001Test                                     
000139c7  __aeabi_dmul                                          
00013ac5  CS_initClockSignal                                    
00013de5  PutChar                                               
00013e89  CS_startHFXTWithTimeout                               
00013fc1  __aeabi_memcpy                                        
00013fc1  __aeabi_memcpy4                                       
00013fc1  __aeabi_memcpy8                                       
00013fc1  memcpy                                                
0001405d  G8RTOS_InitSemaphore                                  
00014077  G8RTOS_WaitSemaphore                                  
000140ad  G8RTOS_SignalSemaphore                                
000140f5  __aeabi_uldivmod                                      
0001418d  UART_initModule                                       
00014221  SPI_initMaster                                        
000142a9  __aeabi_cdcmpeq                                       
000142a9  __aeabi_cdcmple                                       
0001432f  __aeabi_cdrcmple                                      
000143b5  ClockSys_SetMaxFreq                                   
00014423  ClockSys_GetSysFreq                                   
00014439  __aeabi_memclr                                        
00014439  __aeabi_memclr4                                       
00014439  __aeabi_memclr8                                       
0001443b  __aeabi_memset                                        
0001443b  __aeabi_memset4                                       
0001443b  __aeabi_memset8                                       
00014441  memset                                                
00014593  __aeabi_ldivmod                                       
00014601  __TI_decompress_lzss                                  
00014669  Interrupt_disableInterrupt                            
000146cd  Interrupt_enableInterrupt                             
00014731  frexp                                                 
00014731  frexpl                                                
00014795  LCD_newReadData                                       
000147f5  main                                                  
00014859  G8RTOS_Start                                          
00014883  PendSV_Handler                                        
00014883  PendSV_Handler                                        
00014903  __TI_ltoa                                             
000149a9  SysCtl_getTLVInfo                                     
000149f9  GPIO_setAsPeripheralModuleFunctionOutputPin           
00014a91  atoi                                                  
00014add  snprintf                                              
00014b29  GPIO_setAsPeripheralModuleFunctionInputPin            
00014bb9  __aeabi_d2iz                                          
00014c01  GetASCIICode                                          
00014c45  __TI_auto_init_nobinit_nopinit                        
00014c89  LCD_WriteData                                         
00014cc9  I2C_initMaster                                        
00014d45  I2C_masterSendMultiByteStart                          
00014d7d  SPISendRecvByte                                       
00014db5  BSP_InitBoard                                         
00014de9  LCD_WriteIndex                                        
00014e1d  _c_int00_noargs                                       
00014e51  I2C_masterSendMultiByteStop                           
00014ee1  __aeabi_i2d                                           
00014f0f  PCM_getCoreVoltageLevel                               
00014f3b  PCM_getPowerMode                                      
00014f65  FlashCtl_setWaitState                                 
00014f8d  DelayMs                                               
00014fb5  CS_clearInterruptFlag                                 
00014fd9  I2C_masterSendMultiByteNext                           
00014ffd  Interrupt_setPriority                                 
00015021  UART_transmitData                                     
00015045  LCD_SetCursor                                         
00015065  LCD_Write_Data_Only                                   
00015085  SPI_enableInterrupt                                   
000150a5  SPI_transmitData                                      
000150c5  LCD_WriteReg                                          
000150e1  memccpy                                               
000150fd  SPI_enableModule                                      
00015117  SPI_receiveData                                       
00015131  copysign                                              
00015131  copysignl                                             
0001514d  CS_getMCLK                                            
00015165  CS_getSMCLK                                           
0001517d  WDT_A_clearTimer                                      
00015195  WDT_A_holdTimer                                       
000151c5  __aeabi_lmul                                          
000151dd  strchr                                                
000151f5  CS_setExternalClockSourceFrequency                    
00015209  I2C_isBusBusy                                         
0001521d  SysTick_enableInterrupt                               
00015231  strlen                                                
00015245  wcslen                                                
00015257  I2C_masterReceiveStart                                
00015269  SysCtl_disableNMISource                               
00015279  SysCtl_enableNMISource                                
00015289  StartCriticalSection                                  
00015291  EndCriticalSection                                    
00015297  I2C_clearInterruptFlag                                
000152a5  I2C_disableInterrupt                                  
000152b3  __TI_decompress_none                                  
000152c1  Reset_Handler                                         
000152cd  ADC14_IRQHandler                                      
000152cd  AES256_IRQHandler                                     
000152cd  BusFault_Handler                                      
000152cd  COMP_E0_IRQHandler                                    
000152cd  COMP_E1_IRQHandler                                    
000152cd  CS_IRQHandler                                         
000152cd  DMA_ERR_IRQHandler                                    
000152cd  DMA_INT0_IRQHandler                                   
000152cd  DMA_INT1_IRQHandler                                   
000152cd  DMA_INT2_IRQHandler                                   
000152cd  DMA_INT3_IRQHandler                                   
000152cd  DebugMon_Handler                                      
000152cd  Default_Handler                                       
000152cd  EUSCIA0_IRQHandler                                    
000152cd  EUSCIA1_IRQHandler                                    
000152cd  EUSCIA2_IRQHandler                                    
000152cd  EUSCIA3_IRQHandler                                    
000152cd  EUSCIB0_IRQHandler                                    
000152cd  EUSCIB2_IRQHandler                                    
000152cd  EUSCIB3_IRQHandler                                    
000152cd  FLCTL_IRQHandler                                      
000152cd  FPU_IRQHandler                                        
000152cd  HardFault_Handler                                     
000152cd  MemManage_Handler                                     
000152cd  NMI_Handler                                           
000152cd  PCM_IRQHandler                                        
000152cd  PORT1_IRQHandler                                      
000152cd  PORT2_IRQHandler                                      
000152cd  PORT3_IRQHandler                                      
000152cd  PORT4_IRQHandler                                      
000152cd  PORT5_IRQHandler                                      
000152cd  PORT6_IRQHandler                                      
000152cd  PSS_IRQHandler                                        
000152cd  RTC_C_IRQHandler                                      
000152cd  SVC_Handler                                           
000152cd  T32_INT1_IRQHandler                                   
000152cd  T32_INT2_IRQHandler                                   
000152cd  T32_INTC_IRQHandler                                   
000152cd  TA0_0_IRQHandler                                      
000152cd  TA0_N_IRQHandler                                      
000152cd  TA1_0_IRQHandler                                      
000152cd  TA1_N_IRQHandler                                      
000152cd  TA2_0_IRQHandler                                      
000152cd  TA2_N_IRQHandler                                      
000152cd  TA3_0_IRQHandler                                      
000152cd  TA3_N_IRQHandler                                      
000152cd  UsageFault_Handler                                    
000152cd  WDT_A_IRQHandler                                      
000152cf  EUSCI_A_SPI_enable                                    
000152db  EUSCI_B_SPI_enable                                    
000152e7  I2C_disableModule                                     
000152f3  I2C_enableModule                                      
00015301  PCM_getPowerState                                     
0001530d  SysCtl_getNMISourceStatus                             
00015319  UART_enableModule                                     
00015325  __TI_zero_init                                        
00015331  LCD_Write_Data_Start                                  
0001533b  EUSCI_A_SPI_enableInterrupt                           
00015343  EUSCI_B_SPI_enableInterrupt                           
0001534b  I2C_enableInterrupt                                   
00015353  PCM_setCoreVoltageLevel                               
0001535b  PCM_setPowerMode                                      
00015365  __aeabi_errno_addr                                    
0001536d  CS_startHFXT                                          
00015373  EUSCI_A_SPI_receiveData                               
00015379  EUSCI_B_SPI_receiveData                               
0001537f  I2C_getEnabledInterruptStatus                         
00015385  I2C_getInterruptStatus                                
0001538b  I2C_masterReceiveMultiByteNext                        
00015391  SysCtlDelay                                           
00015397  EUSCI_A_SPI_transmitData                              
0001539b  EUSCI_B_SPI_transmitData                              
0001539f  I2C_setSlaveAddress                                   
000153a3  _system_pre_init                                      
000153a7  C$$EXIT                                               
000153a7  abort                                                 
0001599c  _ctypes_                                              
00015c14  __TI_Handler_Table_Base                               
00015c20  __TI_Handler_Table_Limit                              
00015c28  __TI_CINIT_Base                                       
00015c38  __TI_CINIT_Limit                                      
20000000  __start___llvm_prf_cnts                               
20000000  __stop___llvm_prf_cnts                                
2000b800  prevWalls                                             
2000caf4  accel_fifo                                            
2000ce60  gyro_fifo                                             
2000d1cc  mag_fifo                                              
2000d738  bme280                                                
2000d774  s_bmi160                                              
2000d7a2  accelxyz                                              
2000d7a8  gyroxyz                                               
2000d7bc  ButtonFunction                                        
2000d7c0  CurrentlyRunningThread                                
2000d7c4  LcdSemaphore                                          
2000d7c8  SystemTime                                            
2000d7cc  g_ui32ByteCount                                       
2000d7d8  pData                                                 
2000d7df  FireFlag                                              
2000d7e0  ui8DummyRead                                          
2000d7e1  ui8Status                                             
2000d7e8  worldMap                                              
2000e0e8  v_fifo_data_u8                                        
2000e518  posX                                                  
2000e520  posY                                                  
2000e528  dirX                                                  
2000e530  dirY                                                  
2000e538  planeX                                                
2000e540  planeY                                                
2000e548  i2cConfig                                             
2000e55c  V_bmm150_maual_auto_condition_u8                      
2000e560  V_fifo_time_U32                                       
2000e564  errno                                                 
2000e568  SystemCoreClock                                       
2000e56c  burstMode                                             
2000fe00  __stack                                               
20010000  __STACK_END                                           
4000480c  WDTCTL_SYM                                            
ffffffff  __TI_pprof_out_hndl                                   
ffffffff  __TI_prof_data_size                                   
ffffffff  __TI_prof_data_start                                  
ffffffff  __binit__                                             
ffffffff  __c_args__                                            
ffffffff  binit                                                 
UNDEFED   __mpu_init                                            
UNDEFED   _system_post_cinit                                    

[677 symbols]
